Archive member included to satisfy reference by file (symbol)

c:/ac6/systemworkbench/plugins/fr.ac6.mcu.externaltools.arm-none.win32_1.13.2.201703061525/tools/compiler/bin/../lib/gcc/arm-none-eabi/5.4.1/../../../../arm-none-eabi/lib/armv6-m\libstdc++.a(new_op.o)
                              src/main.o (operator new(unsigned int))
c:/ac6/systemworkbench/plugins/fr.ac6.mcu.externaltools.arm-none.win32_1.13.2.201703061525/tools/compiler/bin/../lib/gcc/arm-none-eabi/5.4.1/../../../../arm-none-eabi/lib/armv6-m\libstdc++.a(bad_alloc.o)
                              c:/ac6/systemworkbench/plugins/fr.ac6.mcu.externaltools.arm-none.win32_1.13.2.201703061525/tools/compiler/bin/../lib/gcc/arm-none-eabi/5.4.1/../../../../arm-none-eabi/lib/armv6-m\libstdc++.a(new_op.o) (std::bad_alloc::~bad_alloc())
c:/ac6/systemworkbench/plugins/fr.ac6.mcu.externaltools.arm-none.win32_1.13.2.201703061525/tools/compiler/bin/../lib/gcc/arm-none-eabi/5.4.1/../../../../arm-none-eabi/lib/armv6-m\libstdc++.a(eh_exception.o)
                              c:/ac6/systemworkbench/plugins/fr.ac6.mcu.externaltools.arm-none.win32_1.13.2.201703061525/tools/compiler/bin/../lib/gcc/arm-none-eabi/5.4.1/../../../../arm-none-eabi/lib/armv6-m\libstdc++.a(bad_alloc.o) (std::exception::~exception())
c:/ac6/systemworkbench/plugins/fr.ac6.mcu.externaltools.arm-none.win32_1.13.2.201703061525/tools/compiler/bin/../lib/gcc/arm-none-eabi/5.4.1/../../../../arm-none-eabi/lib/armv6-m\libstdc++.a(eh_alloc.o)
                              c:/ac6/systemworkbench/plugins/fr.ac6.mcu.externaltools.arm-none.win32_1.13.2.201703061525/tools/compiler/bin/../lib/gcc/arm-none-eabi/5.4.1/../../../../arm-none-eabi/lib/armv6-m\libstdc++.a(new_op.o) (__cxa_allocate_exception)
c:/ac6/systemworkbench/plugins/fr.ac6.mcu.externaltools.arm-none.win32_1.13.2.201703061525/tools/compiler/bin/../lib/gcc/arm-none-eabi/5.4.1/../../../../arm-none-eabi/lib/armv6-m\libstdc++.a(class_type_info.o)
                              c:/ac6/systemworkbench/plugins/fr.ac6.mcu.externaltools.arm-none.win32_1.13.2.201703061525/tools/compiler/bin/../lib/gcc/arm-none-eabi/5.4.1/../../../../arm-none-eabi/lib/armv6-m\libstdc++.a(eh_exception.o) (vtable for __cxxabiv1::__class_type_info)
c:/ac6/systemworkbench/plugins/fr.ac6.mcu.externaltools.arm-none.win32_1.13.2.201703061525/tools/compiler/bin/../lib/gcc/arm-none-eabi/5.4.1/../../../../arm-none-eabi/lib/armv6-m\libstdc++.a(pure.o)
                              c:/ac6/systemworkbench/plugins/fr.ac6.mcu.externaltools.arm-none.win32_1.13.2.201703061525/tools/compiler/bin/../lib/gcc/arm-none-eabi/5.4.1/../../../../arm-none-eabi/lib/armv6-m\libstdc++.a(eh_exception.o) (__cxa_pure_virtual)
c:/ac6/systemworkbench/plugins/fr.ac6.mcu.externaltools.arm-none.win32_1.13.2.201703061525/tools/compiler/bin/../lib/gcc/arm-none-eabi/5.4.1/../../../../arm-none-eabi/lib/armv6-m\libstdc++.a(new_handler.o)
                              c:/ac6/systemworkbench/plugins/fr.ac6.mcu.externaltools.arm-none.win32_1.13.2.201703061525/tools/compiler/bin/../lib/gcc/arm-none-eabi/5.4.1/../../../../arm-none-eabi/lib/armv6-m\libstdc++.a(new_op.o) (std::get_new_handler())
c:/ac6/systemworkbench/plugins/fr.ac6.mcu.externaltools.arm-none.win32_1.13.2.201703061525/tools/compiler/bin/../lib/gcc/arm-none-eabi/5.4.1/../../../../arm-none-eabi/lib/armv6-m\libstdc++.a(del_op.o)
                              c:/ac6/systemworkbench/plugins/fr.ac6.mcu.externaltools.arm-none.win32_1.13.2.201703061525/tools/compiler/bin/../lib/gcc/arm-none-eabi/5.4.1/../../../../arm-none-eabi/lib/armv6-m\libstdc++.a(bad_alloc.o) (operator delete(void*))
c:/ac6/systemworkbench/plugins/fr.ac6.mcu.externaltools.arm-none.win32_1.13.2.201703061525/tools/compiler/bin/../lib/gcc/arm-none-eabi/5.4.1/../../../../arm-none-eabi/lib/armv6-m\libstdc++.a(si_class_type_info.o)
                              c:/ac6/systemworkbench/plugins/fr.ac6.mcu.externaltools.arm-none.win32_1.13.2.201703061525/tools/compiler/bin/../lib/gcc/arm-none-eabi/5.4.1/../../../../arm-none-eabi/lib/armv6-m\libstdc++.a(bad_alloc.o) (vtable for __cxxabiv1::__si_class_type_info)
c:/ac6/systemworkbench/plugins/fr.ac6.mcu.externaltools.arm-none.win32_1.13.2.201703061525/tools/compiler/bin/../lib/gcc/arm-none-eabi/5.4.1/../../../../arm-none-eabi/lib/armv6-m\libstdc++.a(eh_throw.o)
                              c:/ac6/systemworkbench/plugins/fr.ac6.mcu.externaltools.arm-none.win32_1.13.2.201703061525/tools/compiler/bin/../lib/gcc/arm-none-eabi/5.4.1/../../../../arm-none-eabi/lib/armv6-m\libstdc++.a(new_op.o) (__cxa_throw)
c:/ac6/systemworkbench/plugins/fr.ac6.mcu.externaltools.arm-none.win32_1.13.2.201703061525/tools/compiler/bin/../lib/gcc/arm-none-eabi/5.4.1/../../../../arm-none-eabi/lib/armv6-m\libstdc++.a(eh_globals.o)
[...]
Memory Configuration

Name             Origin             Length             Attributes
RAM              0x20000000         0x00008000         xrw
ROM              0x08000000         0x00040000         xr
*default*        0x00000000         0xffffffff

Linker script and memory map

LOAD c:/ac6/systemworkbench/plugins/fr.ac6.mcu.externaltools.arm-none.win32_1.13.2.201703061525/tools/compiler/bin/../lib/gcc/arm-none-eabi/5.4.1/armv6-m/crti.o
LOAD c:/ac6/systemworkbench/plugins/fr.ac6.mcu.externaltools.arm-none.win32_1.13.2.201703061525/tools/compiler/bin/../lib/gcc/arm-none-eabi/5.4.1/armv6-m/crtbegin.o
LOAD c:/ac6/systemworkbench/plugins/fr.ac6.mcu.externaltools.arm-none.win32_1.13.2.201703061525/tools/compiler/bin/../lib/gcc/arm-none-eabi/5.4.1/../../../../arm-none-eabi/lib/armv6-m/crt0.o
LOAD StdPeriph_Driver/src/stm32f0xx_adc.o
LOAD StdPeriph_Driver/src/stm32f0xx_can.o
LOAD StdPeriph_Driver/src/stm32f0xx_cec.o
LOAD StdPeriph_Driver/src/stm32f0xx_comp.o
LOAD StdPeriph_Driver/src/stm32f0xx_crc.o
LOAD StdPeriph_Driver/src/stm32f0xx_crs.o
LOAD StdPeriph_Driver/src/stm32f0xx_dac.o
LOAD StdPeriph_Driver/src/stm32f0xx_dbgmcu.o
LOAD StdPeriph_Driver/src/stm32f0xx_dma.o
LOAD StdPeriph_Driver/src/stm32f0xx_exti.o
LOAD StdPeriph_Driver/src/stm32f0xx_flash.o
LOAD StdPeriph_Driver/src/stm32f0xx_gpio.o
LOAD StdPeriph_Driver/src/stm32f0xx_i2c.o
LOAD StdPeriph_Driver/src/stm32f0xx_iwdg.o
LOAD StdPeriph_Driver/src/stm32f0xx_misc.o
LOAD StdPeriph_Driver/src/stm32f0xx_pwr.o
LOAD StdPeriph_Driver/src/stm32f0xx_rcc.o
LOAD StdPeriph_Driver/src/stm32f0xx_rtc.o
LOAD StdPeriph_Driver/src/stm32f0xx_spi.o
LOAD StdPeriph_Driver/src/stm32f0xx_syscfg.o
LOAD StdPeriph_Driver/src/stm32f0xx_tim.o
LOAD StdPeriph_Driver/src/stm32f0xx_usart.o
LOAD StdPeriph_Driver/src/stm32f0xx_wwdg.o
LOAD src/Hbridge.o
LOAD src/main.o
LOAD src/syscalls.o
LOAD src/system_stm32f0xx.o
LOAD startup/startup_stm32.o
LOAD c:/ac6/systemworkbench/plugins/fr.ac6.mcu.externaltools.arm-none.win32_1.13.2.201703061525/tools/compiler/bin/../lib/gcc/arm-none-eabi/5.4.1/../../../../arm-none-eabi/lib/armv6-m\libstdc++.a
LOAD c:/ac6/systemworkbench/plugins/fr.ac6.mcu.externaltools.arm-none.win32_1.13.2.201703061525/tools/compiler/bin/../lib/gcc/arm-none-eabi/5.4.1/../../../../arm-none-eabi/lib/armv6-m\libm.a
START GROUP
LOAD c:/ac6/systemworkbench/plugins/fr.ac6.mcu.externaltools.arm-none.win32_1.13.2.201703061525/tools/compiler/bin/../lib/gcc/arm-none-eabi/5.4.1/armv6-m\libgcc.a
LOAD c:/ac6/systemworkbench/plugins/fr.ac6.mcu.externaltools.arm-none.win32_1.13.2.201703061525/tools/compiler/bin/../lib/gcc/arm-none-eabi/5.4.1/../../../../arm-none-eabi/lib/armv6-m\libc.a
END GROUP
LOAD c:/ac6/systemworkbench/plugins/fr.ac6.mcu.externaltools.arm-none.win32_1.13.2.201703061525/tools/compiler/bin/../lib/gcc/arm-none-eabi/5.4.1/armv6-m/crtend.o
LOAD c:/ac6/systemworkbench/plugins/fr.ac6.mcu.externaltools.arm-none.win32_1.13.2.201703061525/tools/compiler/bin/../lib/gcc/arm-none-eabi/5.4.1/armv6-m/crtn.o
                0x20008000                _estack = 0x20008000
                0x00000000                _Min_Heap_Size = 0x0
                0x00000400                _Min_Stack_Size = 0x400

.isr_vector     0x08000000      0x188
                0x08000000                . = ALIGN (0x4)
 *(.isr_vector)
 .isr_vector    0x08000000      0x188 startup/startup_stm32.o
                0x08000000                g_pfnVectors
                0x08000188                . = ALIGN (0x4)

.text           0x08000188    0x1073c
                0x08000188                . = ALIGN (0x4)
 *(.text)
 .text          0x08000188       0x60 c:/ac6/systemworkbench/plugins/fr.ac6.mcu.externaltools.arm-none.win32_1.13.2.201703061525/tools/compiler/bin/../lib/gcc/arm-none-eabi/5.4.1/armv6-m/crtbegin.o
 .text          0x080001e8     0x65f0 c:/ac6/systemworkbench/plugins/fr.ac6.mcu.externaltools.arm-none.win32_1.13.2.201703061525/tools/compiler/bin/../lib/gcc/arm-none-eabi/5.4.1/../../../../arm-none-eabi/lib/armv6-m\libstdc++.a(cp-demangle.o)
                0x080066e8                __cxa_demangle
                0x080067b4                __gcclibcxx_demangle_callback
 .text          0x080067d8      0x114 c:/ac6/systemworkbench/plugins/fr.ac6.mcu.externaltools.arm-none.win32_1.13.2.201703061525/tools/compiler/bin/../lib/gcc/arm-none-eabi/5.4.1/armv6-m\libgcc.a(_udivsi3.o)
                0x080067d8                __aeabi_uidiv
                0x080067d8                __udivsi3
                0x080068e4                __aeabi_uidivmod
 .text          0x080068ec        0x4 c:/ac6/systemworkbench/plugins/fr.ac6.mcu.externaltools.arm-none.win32_1.13.2.201703061525/tools/compiler/bin/../lib/gcc/arm-none-eabi/5.4.1/armv6-m\libgcc.a(_dvmd_tls.o)
                0x080068ec                __aeabi_idiv0
                0x080068ec                __aeabi_ldiv0
 .text          0x080068f0      0xa3c c:/ac6/systemworkbench/plugins/fr.ac6.mcu.externaltools.arm-none.win32_1.13.2.201703061525/tools/compiler/bin/../lib/gcc/arm-none-eabi/5.4.1/armv6-m\libgcc.a(unwind-arm.o)
                0x08006bc8                _Unwind_GetCFA
                0x08006bcc                __gnu_Unwind_RaiseException
                0x08006c20                __gnu_Unwind_ForcedUnwind
                0x08006c34                __gnu_Unwind_Resume
                0x08006c7c                __gnu_Unwind_Resume_or_Rethrow
                0x08006c98                _Unwind_Complete
                0x08006c9c                _Unwind_DeleteException
                0x08006cac                _Unwind_VRS_Get
                0x08006cf8                _Unwind_VRS_Set
                0x08006d44                __gnu_Unwind_Backtrace
                0x080070a4                __aeabi_unwind_cpp_pr0
                0x080070b0                __aeabi_unwind_cpp_pr1
                0x080070bc                __aeabi_unwind_cpp_pr2
                0x080070c8                _Unwind_VRS_Pop
 .text          0x0800732c      0x144 c:/ac6/systemworkbench/plugins/fr.ac6.mcu.externaltools.arm-none.win32_1.13.2.201703061525/tools/compiler/bin/../lib/gcc/arm-none-eabi/5.4.1/armv6-m\libgcc.a(libunwind.o)
                0x0800732c                __restore_core_regs
                0x0800732c                restore_core_regs
                0x08007358                __gnu_Unwind_Restore_VFP
                0x0800735c                __gnu_Unwind_Save_VFP
                0x08007360                __gnu_Unwind_Restore_VFP_D
                0x08007364                __gnu_Unwind_Save_VFP_D
                0x08007368                __gnu_Unwind_Restore_VFP_D_16_to_31
                0x0800736c                __gnu_Unwind_Save_VFP_D_16_to_31
                0x08007370                __gnu_Unwind_Restore_WMMXD
                0x08007374                __gnu_Unwind_Save_WMMXD
                0x08007378                __gnu_Unwind_Restore_WMMXC
                0x0800737c                __gnu_Unwind_Save_WMMXC
                0x08007380                ___Unwind_RaiseException
                0x08007380                _Unwind_RaiseException
                0x080073b0                _Unwind_Resume
                0x080073b0                ___Unwind_Resume
                0x080073e0                _Unwind_Resume_or_Rethrow
                0x080073e0                ___Unwind_Resume_or_Rethrow
                0x08007410                _Unwind_ForcedUnwind
                0x08007410                ___Unwind_ForcedUnwind
                0x08007440                ___Unwind_Backtrace
                0x08007440                _Unwind_Backtrace
 .text          0x08007470      0x3b0 c:/ac6/systemworkbench/plugins/fr.ac6.mcu.externaltools.arm-none.win32_1.13.2.201703061525/tools/compiler/bin/../lib/gcc/arm-none-eabi/5.4.1/armv6-m\libgcc.a(pr-support.o)
                0x080074c4                __gnu_unwind_execute
                0x080077c8                __gnu_unwind_frame
                0x080077f0                _Unwind_GetRegionStart
                0x080077fc                _Unwind_GetLanguageSpecificData
                0x08007810                _Unwind_GetTextRelBase
                0x08007818                _Unwind_GetDataRelBase
 .text          0x08007820       0x88 c:/ac6/systemworkbench/plugins/fr.ac6.mcu.externaltools.arm-none.win32_1.13.2.201703061525/tools/compiler/bin/../lib/gcc/arm-none-eabi/5.4.1/../../../../arm-none-eabi/lib/armv6-m\libc.a(lib_a-strcmp.o)
                0x08007820                strcmp
 .text          0x080078a8      0x1d4 c:/ac6/systemworkbench/plugins/fr.ac6.mcu.externaltools.arm-none.win32_1.13.2.201703061525/tools/compiler/bin/../lib/gcc/arm-none-eabi/5.4.1/armv6-m\libgcc.a(_divsi3.o)
                0x080078a8                __divsi3
                0x080078a8                __aeabi_idiv
                0x08007a74                __aeabi_idivmod
 .text          0x08007a7c       0x7c c:/ac6/systemworkbench/plugins/fr.ac6.mcu.externaltools.arm-none.win32_1.13.2.201703061525/tools/compiler/bin/../lib/gcc/arm-none-eabi/5.4.1/armv6-m\libgcc.a(_arm_cmpdf2.o)
                0x08007a7c                __aeabi_cdrcmple
                0x08007a8c                __aeabi_cdcmple
                0x08007a8c                __aeabi_cdcmpeq
                0x08007a9c                __aeabi_dcmpeq
                0x08007aa8                __aeabi_dcmplt
                0x08007abc                __aeabi_dcmple
                0x08007ad0                __aeabi_dcmpgt
                0x08007ae4                __aeabi_dcmpge
 .text          0x08007af8       0x40 c:/ac6/systemworkbench/plugins/fr.ac6.mcu.externaltools.arm-none.win32_1.13.2.201703061525/tools/compiler/bin/../lib/gcc/arm-none-eabi/5.4.1/armv6-m\libgcc.a(_aeabi_uldivmod.o)
                0x08007af8                __aeabi_uldivmod
 .text          0x08007b38      0x180 c:/ac6/systemworkbench/plugins/fr.ac6.mcu.externaltools.arm-none.win32_1.13.2.201703061525/tools/compiler/bin/../lib/gcc/arm-none-eabi/5.4.1/armv6-m\libgcc.a(_udivmoddi4.o)
                0x08007b38                __udivmoddi4
 .text          0x08007cb8      0x658 c:/ac6/systemworkbench/plugins/fr.ac6.mcu.externaltools.arm-none.win32_1.13.2.201703061525/tools/compiler/bin/../lib/gcc/arm-none-eabi/5.4.1/armv6-m\libgcc.a(adddf3.o)
                0x08007cb8                __aeabi_dadd
 .text          0x08008310      0x62c c:/ac6/systemworkbench/plugins/fr.ac6.mcu.externaltools.arm-none.win32_1.13.2.201703061525/tools/compiler/bin/../lib/gcc/arm-none-eabi/5.4.1/armv6-m\libgcc.a(divdf3.o)
                0x08008310                __aeabi_ddiv
 .text          0x0800893c       0x80 c:/ac6/systemworkbench/plugins/fr.ac6.mcu.externaltools.arm-none.win32_1.13.2.201703061525/tools/compiler/bin/../lib/gcc/arm-none-eabi/5.4.1/armv6-m\libgcc.a(eqdf2.o)
                0x0800893c                __nedf2
                0x0800893c                __eqdf2
 .text          0x080089bc       0xc8 c:/ac6/systemworkbench/plugins/fr.ac6.mcu.externaltools.arm-none.win32_1.13.2.201703061525/tools/compiler/bin/../lib/gcc/arm-none-eabi/5.4.1/armv6-m\libgcc.a(gedf2.o)
                0x080089bc                __gedf2
                0x080089bc                __gtdf2
 .text          0x08008a84       0xd4 c:/ac6/systemworkbench/plugins/fr.ac6.mcu.externaltools.arm-none.win32_1.13.2.201703061525/tools/compiler/bin/../lib/gcc/arm-none-eabi/5.4.1/armv6-m\libgcc.a(ledf2.o)
                0x08008a84                __ledf2
                0x08008a84                __ltdf2
 .text          0x08008b58      0x4f4 c:/ac6/systemworkbench/plugins/fr.ac6.mcu.externaltools.arm-none.win32_1.13.2.201703061525/tools/compiler/bin/../lib/gcc/arm-none-eabi/5.4.1/armv6-m\libgcc.a(muldf3.o)
                0x08008b58                __aeabi_dmul
 .text          0x0800904c      0x6a8 c:/ac6/systemworkbench/plugins/fr.ac6.mcu.externaltools.arm-none.win32_1.13.2.201703061525/tools/compiler/bin/../lib/gcc/arm-none-eabi/5.4.1/armv6-m\libgcc.a(subdf3.o)
                0x0800904c                __aeabi_dsub
 .text          0x080096f4       0x40 c:/ac6/systemworkbench/plugins/fr.ac6.mcu.externaltools.arm-none.win32_1.13.2.201703061525/tools/compiler/bin/../lib/gcc/arm-none-eabi/5.4.1/armv6-m\libgcc.a(unorddf2.o)
                0x080096f4                __aeabi_dcmpun
 .text          0x08009734       0x6c c:/ac6/systemworkbench/plugins/fr.ac6.mcu.externaltools.arm-none.win32_1.13.2.201703061525/tools/compiler/bin/../lib/gcc/arm-none-eabi/5.4.1/armv6-m\libgcc.a(fixdfsi.o)
                0x08009734                __aeabi_d2iz
 .text          0x080097a0       0x84 c:/ac6/systemworkbench/plugins/fr.ac6.mcu.externaltools.arm-none.win32_1.13.2.201703061525/tools/compiler/bin/../lib/gcc/arm-none-eabi/5.4.1/armv6-m\libgcc.a(floatsidf.o)
                0x080097a0                __aeabi_i2d
 .text          0x08009824       0x70 c:/ac6/systemworkbench/plugins/fr.ac6.mcu.externaltools.arm-none.win32_1.13.2.201703061525/tools/compiler/bin/../lib/gcc/arm-none-eabi/5.4.1/armv6-m\libgcc.a(floatunsidf.o)
                0x08009824                __aeabi_ui2d
 .text          0x08009894       0x3c c:/ac6/systemworkbench/plugins/fr.ac6.mcu.externaltools.arm-none.win32_1.13.2.201703061525/tools/compiler/bin/../lib/gcc/arm-none-eabi/5.4.1/armv6-m\libgcc.a(_clzsi2.o)
                0x08009894                __clzsi2
 .text          0x080098d0       0x18 c:/ac6/systemworkbench/plugins/fr.ac6.mcu.externaltools.arm-none.win32_1.13.2.201703061525/tools/compiler/bin/../lib/gcc/arm-none-eabi/5.4.1/armv6-m\libgcc.a(_clzdi2.o)
                0x080098d0                __clzdi2
 *(.text*)
 .text.GPIO_Init
                0x080098e8      0x128 StdPeriph_Driver/src/stm32f0xx_gpio.o
                0x080098e8                GPIO_Init
 .text.GPIO_WriteBit
                0x08009a10       0x3c StdPeriph_Driver/src/stm32f0xx_gpio.o
                0x08009a10                GPIO_WriteBit
 .text.GPIO_PinAFConfig
                0x08009a4c       0xa4 StdPeriph_Driver/src/stm32f0xx_gpio.o
                0x08009a4c                GPIO_PinAFConfig
 .text.RCC_AHBPeriphClockCmd
                0x08009af0       0x40 StdPeriph_Driver/src/stm32f0xx_rcc.o
                0x08009af0                RCC_AHBPeriphClockCmd
 .text.RCC_APB1PeriphClockCmd
                0x08009b30       0x40 StdPeriph_Driver/src/stm32f0xx_rcc.o
                0x08009b30                RCC_APB1PeriphClockCmd
 .text.TIM_TimeBaseInit
                0x08009b70       0xf0 StdPeriph_Driver/src/stm32f0xx_tim.o
                0x08009b70                TIM_TimeBaseInit
 .text.TIM_ARRPreloadConfig
                0x08009c60       0x40 StdPeriph_Driver/src/stm32f0xx_tim.o
                0x08009c60                TIM_ARRPreloadConfig
 .text.TIM_Cmd  0x08009ca0       0x40 StdPeriph_Driver/src/stm32f0xx_tim.o
                0x08009ca0                TIM_Cmd
 .text.TIM_OC1Init
                0x08009ce0      0x1a4 StdPeriph_Driver/src/stm32f0xx_tim.o
                0x08009ce0                TIM_OC1Init
 .text.TIM_OC2Init
                0x08009e84      0x1b8 StdPeriph_Driver/src/stm32f0xx_tim.o
                0x08009e84                TIM_OC2Init
 .text.TIM_OC1PreloadConfig
                0x0800a03c       0x54 StdPeriph_Driver/src/stm32f0xx_tim.o
                0x0800a03c                TIM_OC1PreloadConfig
 .text.TIM_OC2PreloadConfig
                0x0800a090       0x5c StdPeriph_Driver/src/stm32f0xx_tim.o
                0x0800a090                TIM_OC2PreloadConfig
 .text._ZN8H_bridgeC2EhhP12GPIO_TypeDefhhhh
                0x0800a0ec       0x7c src/Hbridge.o
                0x0800a0ec                H_bridge::H_bridge(unsigned char, unsigned char, GPIO_TypeDef*, unsigned char, unsigned char, unsigned char, unsigned char)
                0x0800a0ec                H_bridge::H_bridge(unsigned char, unsigned char, GPIO_TypeDef*, unsigned char, unsigned char, unsigned char, unsigned char)
 .text._ZN8H_bridge8InitGPIOEv
                0x0800a168      0x164 src/Hbridge.o
                0x0800a168                H_bridge::InitGPIO()
 .text._ZN8H_bridge7InitPWMEv
                0x0800a2cc       0xb8 src/Hbridge.o
                0x0800a2cc                H_bridge::InitPWM()
 .text._ZN8H_bridge4MoveEtt
                0x0800a384       0xb0 src/Hbridge.o
                0x0800a384                H_bridge::Move(unsigned short, unsigned short)
 .text.main     0x0800a434       0x44 src/main.o
                0x0800a434                main
 .text._getpid  0x0800a478        0xc src/syscalls.o
                0x0800a478                _getpid
 .text._kill    0x0800a484       0x20 src/syscalls.o
                0x0800a484                _kill
 .text._exit    0x0800a4a4       0x18 src/syscalls.o
                0x0800a4a4                _exit
 .text._read    0x0800a4bc       0x3c src/syscalls.o
                0x0800a4bc                _read
 .text._write   0x0800a4f8       0x38 src/syscalls.o
                0x0800a4f8                _write
 .text._sbrk    0x0800a530       0x58 src/syscalls.o
                0x0800a530                _sbrk
 .text._close   0x0800a588       0x14 src/syscalls.o
                0x0800a588                _close
 .text._fstat   0x0800a59c       0x1c src/syscalls.o
                0x0800a59c                _fstat
 .text._isatty  0x0800a5b8       0x14 src/syscalls.o
                0x0800a5b8                _isatty
 .text._lseek   0x0800a5cc       0x18 src/syscalls.o
                0x0800a5cc                _lseek
 .text.SystemInit
                0x0800a5e4       0x8c src/system_stm32f0xx.o
                0x0800a5e4                SystemInit
 .text.SetSysClock
                0x0800a670       0xe0 src/system_stm32f0xx.o
 .text.Reset_Handler
                0x0800a750       0x48 startup/startup_stm32.o
                0x0800a750                Reset_Handler
 .text.Default_Handler
                0x0800a798        0x2 startup/startup_stm32.o
                0x0800a798                DebugMon_Handler
                0x0800a798                HardFault_Handler
                0x0800a798                SysTick_Handler
                0x0800a798                PendSV_Handler
                0x0800a798                NMI_Handler
                0x0800a798                UsageFault_Handler
                0x0800a798                Default_Handler
                0x0800a798                MemManage_Handler
                0x0800a798                SVC_Handler
                0x0800a798                BusFault_Handler
 *fill*         0x0800a79a        0x2 
 .text._Znwj    0x0800a79c       0x40 c:/ac6/systemworkbench/plugins/fr.ac6.mcu.externaltools.arm-none.win32_1.13.2.201703061525/tools/compiler/bin/../lib/gcc/arm-none-eabi/5.4.1/../../../../arm-none-eabi/lib/armv6-m\libstdc++.a(new_op.o)
                0x0800a79c                operator new(unsigned int)
 .text._ZNKSt9bad_alloc4whatEv
                0x0800a7dc        0x8 c:/ac6/systemworkbench/plugins/fr.ac6.mcu.externaltools.arm-none.win32_1.13.2.201703061525/tools/compiler/bin/../lib/gcc/arm-none-eabi/5.4.1/../../../../arm-none-eabi/lib/armv6-m\libstdc++.a(bad_alloc.o)
                0x0800a7dc                std::bad_alloc::what() const
 .text._ZNSt9bad_allocD2Ev
                0x0800a7e4       0x18 c:/ac6/systemworkbench/plugins/fr.ac6.mcu.externaltools.arm-none.win32_1.13.2.201703061525/tools/compiler/bin/../lib/gcc/arm-none-eabi/5.4.1/../../../../arm-none-eabi/lib/armv6-m\libstdc++.a(bad_alloc.o)
                0x0800a7e4                std::bad_alloc::~bad_alloc()
                0x0800a7e4                std::bad_alloc::~bad_alloc()
 .text._ZNSt9bad_allocD0Ev
                0x0800a7fc       0x1c c:/ac6/systemworkbench/plugins/fr.ac6.mcu.externaltools.arm-none.win32_1.13.2.201703061525/tools/compiler/bin/../lib/gcc/arm-none-eabi/5.4.1/../../../../arm-none-eabi/lib/armv6-m\libstdc++.a(bad_alloc.o)
                0x0800a7fc                std::bad_alloc::~bad_alloc()
 .text._ZNSt9exceptionD2Ev
                0x0800a818        0x4 c:/ac6/systemworkbench/plugins/fr.ac6.mcu.externaltools.arm-none.win32_1.13.2.201703061525/tools/compiler/bin/../lib/gcc/arm-none-eabi/5.4.1/../../../../arm-none-eabi/lib/armv6-m\libstdc++.a(eh_exception.o)
                0x0800a818                std::exception::~exception()
                0x0800a818                std::exception::~exception()
 .text._ZNSt13bad_exceptionD2Ev
                0x0800a81c        0x4 c:/ac6/systemworkbench/plugins/fr.ac6.mcu.externaltools.arm-none.win32_1.13.2.201703061525/tools/compiler/bin/../lib/gcc/arm-none-eabi/5.4.1/../../../../arm-none-eabi/lib/armv6-m\libstdc++.a(eh_exception.o)
                0x0800a81c                std::bad_exception::~bad_exception()
                0x0800a81c                std::bad_exception::~bad_exception()
 .text._ZNKSt13bad_exception4whatEv
                0x0800a820        0x8 c:/ac6/systemworkbench/plugins/fr.ac6.mcu.externaltools.arm-none.win32_1.13.2.201703061525/tools/compiler/bin/../lib/gcc/arm-none-eabi/5.4.1/../../../../arm-none-eabi/lib/armv6-m\libstdc++.a(eh_exception.o)
                0x0800a820                std::bad_exception::what() const
 .text._ZNSt13bad_exceptionD0Ev
                0x0800a828        0xc c:/ac6/systemworkbench/plugins/fr.ac6.mcu.externaltools.arm-none.win32_1.13.2.201703061525/tools/compiler/bin/../lib/gcc/arm-none-eabi/5.4.1/../../../../arm-none-eabi/lib/armv6-m\libstdc++.a(eh_exception.o)
                0x0800a828                std::bad_exception::~bad_exception()
 .text._ZN12_GLOBAL__N_14pool4freeEPv.constprop.4
                0x0800a834       0x70 c:/ac6/systemworkbench/plugins/fr.ac6.mcu.externaltools.arm-none.win32_1.13.2.201703061525/tools/compiler/bin/../lib/gcc/arm-none-eabi/5.4.1/../../../../arm-none-eabi/lib/armv6-m\libstdc++.a(eh_alloc.o)
 .text._ZN12_GLOBAL__N_14pool8allocateEj.constprop.5
                0x0800a8a4       0x64 c:/ac6/systemworkbench/plugins/fr.ac6.mcu.externaltools.arm-none.win32_1.13.2.201703061525/tools/compiler/bin/../lib/gcc/arm-none-eabi/5.4.1/../../../../arm-none-eabi/lib/armv6-m\libstdc++.a(eh_alloc.o)
 .text.__cxa_allocate_exception
                0x0800a908       0x2c c:/ac6/systemworkbench/plugins/fr.ac6.mcu.externaltools.arm-none.win32_1.13.2.201703061525/tools/compiler/bin/../lib/gcc/arm-none-eabi/5.4.1/../../../../arm-none-eabi/lib/armv6-m\libstdc++.a(eh_alloc.o)
                0x0800a908                __cxa_allocate_exception
 .text.__cxa_free_exception
                0x0800a934       0x24 c:/ac6/systemworkbench/plugins/fr.ac6.mcu.externaltools.arm-none.win32_1.13.2.201703061525/tools/compiler/bin/../lib/gcc/arm-none-eabi/5.4.1/../../../../arm-none-eabi/lib/armv6-m\libstdc++.a(eh_alloc.o)
                0x0800a934                __cxa_free_exception
 .text.startup._GLOBAL__sub_I___cxa_allocate_exception
                0x0800a958       0x2c c:/ac6/systemworkbench/plugins/fr.ac6.mcu.externaltools.arm-none.win32_1.13.2.201703061525/tools/compiler/bin/../lib/gcc/arm-none-eabi/5.4.1/../../../../arm-none-eabi/lib/armv6-m\libstdc++.a(eh_alloc.o)
 .text._ZNK10__cxxabiv117__class_type_info11__do_upcastEPKS0_PPv
                0x0800a984       0x38 c:/ac6/systemworkbench/plugins/fr.ac6.mcu.externaltools.arm-none.win32_1.13.2.201703061525/tools/compiler/bin/../lib/gcc/arm-none-eabi/5.4.1/../../../../arm-none-eabi/lib/armv6-m\libstdc++.a(class_type_info.o)
                0x0800a984                __cxxabiv1::__class_type_info::__do_upcast(__cxxabiv1::__class_type_info const*, void**) const
 .text._ZNK10__cxxabiv117__class_type_info20__do_find_public_srcEiPKvPKS0_S2_
                0x0800a9bc       0x10 c:/ac6/systemworkbench/plugins/fr.ac6.mcu.externaltools.arm-none.win32_1.13.2.201703061525/tools/compiler/bin/../lib/gcc/arm-none-eabi/5.4.1/../../../../arm-none-eabi/lib/armv6-m\libstdc++.a(class_type_info.o)
                0x0800a9bc                __cxxabiv1::__class_type_info::__do_find_public_src(int, void const*, __cxxabiv1::__class_type_info const*, void const*) const
 .text._ZN10__cxxabiv117__class_type_infoD2Ev
                0x0800a9cc       0x18 c:/ac6/systemworkbench/plugins/fr.ac6.mcu.externaltools.arm-none.win32_1.13.2.201703061525/tools/compiler/bin/../lib/gcc/arm-none-eabi/5.4.1/../../../../arm-none-eabi/lib/armv6-m\libstdc++.a(class_type_info.o)
                0x0800a9cc                __cxxabiv1::__class_type_info::~__class_type_info()
                0x0800a9cc                __cxxabiv1::__class_type_info::~__class_type_info()
 .text._ZN10__cxxabiv117__class_type_infoD0Ev
                0x0800a9e4       0x1c c:/ac6/systemworkbench/plugins/fr.ac6.mcu.externaltools.arm-none.win32_1.13.2.201703061525/tools/compiler/bin/../lib/gcc/arm-none-eabi/5.4.1/../../../../arm-none-eabi/lib/armv6-m\libstdc++.a(class_type_info.o)
                0x0800a9e4                __cxxabiv1::__class_type_info::~__class_type_info()
 .text._ZNK10__cxxabiv117__class_type_info11__do_upcastEPKS0_PKvRNS0_15__upcast_resultE
                0x0800aa00       0x1c c:/ac6/systemworkbench/plugins/fr.ac6.mcu.externaltools.arm-none.win32_1.13.2.201703061525/tools/compiler/bin/../lib/gcc/arm-none-eabi/5.4.1/../../../../arm-none-eabi/lib/armv6-m\libstdc++.a(class_type_info.o)
                0x0800aa00                __cxxabiv1::__class_type_info::__do_upcast(__cxxabiv1::__class_type_info const*, void const*, __cxxabiv1::__class_type_info::__upcast_result&) const
 .text._ZNK10__cxxabiv117__class_type_info12__do_dyncastEiNS0_10__sub_kindEPKS0_PKvS3_S5_RNS0_16__dyncast_resultE
                0x0800aa1c       0x40 c:/ac6/systemworkbench/plugins/fr.ac6.mcu.externaltools.arm-none.win32_1.13.2.201703061525/tools/compiler/bin/../lib/gcc/arm-none-eabi/5.4.1/../../../../arm-none-eabi/lib/armv6-m\libstdc++.a(class_type_info.o)
                0x0800aa1c                __cxxabiv1::__class_type_info::__do_dyncast(int, __cxxabiv1::__class_type_info::__sub_kind, __cxxabiv1::__class_type_info const*, void const*, __cxxabiv1::__class_type_info const*, void const*, __cxxabiv1::__class_type_info::__dyncast_result&) const
 .text._ZNK10__cxxabiv117__class_type_info10__do_catchEPKSt9type_infoPPvj
                0x0800aa5c       0x28 c:/ac6/systemworkbench/plugins/fr.ac6.mcu.externaltools.arm-none.win32_1.13.2.201703061525/tools/compiler/bin/../lib/gcc/arm-none-eabi/5.4.1/../../../../arm-none-eabi/lib/armv6-m\libstdc++.a(class_type_info.o)
                0x0800aa5c                __cxxabiv1::__class_type_info::__do_catch(std::type_info const*, void**, unsigned int) const
 .text._ZSt15get_new_handlerv
                0x0800aa84        0xc c:/ac6/systemworkbench/plugins/fr.ac6.mcu.externaltools.arm-none.win32_1.13.2.201703061525/tools/compiler/bin/../lib/gcc/arm-none-eabi/5.4.1/../../../../arm-none-eabi/lib/armv6-m\libstdc++.a(new_handler.o)
                0x0800aa84                std::get_new_handler()
 .text._ZdlPv   0x0800aa90        0x8 c:/ac6/systemworkbench/plugins/fr.ac6.mcu.externaltools.arm-none.win32_1.13.2.201703061525/tools/compiler/bin/../lib/gcc/arm-none-eabi/5.4.1/../../../../arm-none-eabi/lib/armv6-m\libstdc++.a(del_op.o)
                0x0800aa90                operator delete(void*)
 .text._ZN10__cxxabiv120__si_class_type_infoD2Ev
                0x0800aa98       0x18 c:/ac6/systemworkbench/plugins/fr.ac6.mcu.externaltools.arm-none.win32_1.13.2.201703061525/tools/compiler/bin/../lib/gcc/arm-none-eabi/5.4.1/../../../../arm-none-eabi/lib/armv6-m\libstdc++.a(si_class_type_info.o)
                0x0800aa98                __cxxabiv1::__si_class_type_info::~__si_class_type_info()
                0x0800aa98                __cxxabiv1::__si_class_type_info::~__si_class_type_info()
 .text._ZN10__cxxabiv120__si_class_type_infoD0Ev
                0x0800aab0       0x1c c:/ac6/systemworkbench/plugins/fr.ac6.mcu.externaltools.arm-none.win32_1.13.2.201703061525/tools/compiler/bin/../lib/gcc/arm-none-eabi/5.4.1/../../../../arm-none-eabi/lib/armv6-m\libstdc++.a(si_class_type_info.o)
                0x0800aab0                __cxxabiv1::__si_class_type_info::~__si_class_type_info()
 .text._ZNK10__cxxabiv120__si_class_type_info12__do_dyncastEiNS_17__class_type_info10__sub_kindEPKS1_PKvS4_S6_RNS1_16__dyncast_resultE
                0x0800aacc       0x90 c:/ac6/systemworkbench/plugins/fr.ac6.mcu.externaltools.arm-none.win32_1.13.2.201703061525/tools/compiler/bin/../lib/gcc/arm-none-eabi/5.4.1/../../../../arm-none-eabi/lib/armv6-m\libstdc++.a(si_class_type_info.o)
                0x0800aacc                __cxxabiv1::__si_class_type_info::__do_dyncast(int, __cxxabiv1::__class_type_info::__sub_kind, __cxxabiv1::__class_type_info const*, void const*, __cxxabiv1::__class_type_info const*, void const*, __cxxabiv1::__class_type_info::__dyncast_result&) const
 .text._ZNK10__cxxabiv120__si_class_type_info20__do_find_public_srcEiPKvPKNS_17__class_type_infoES2_
                0x0800ab5c       0x38 c:/ac6/systemworkbench/plugins/fr.ac6.mcu.externaltools.arm-none.win32_1.13.2.201703061525/tools/compiler/bin/../lib/gcc/arm-none-eabi/5.4.1/../../../../arm-none-eabi/lib/armv6-m\libstdc++.a(si_class_type_info.o)
                0x0800ab5c                __cxxabiv1::__si_class_type_info::__do_find_public_src(int, void const*, __cxxabiv1::__class_type_info const*, void const*) const
 .text._ZNK10__cxxabiv120__si_class_type_info11__do_upcastEPKNS_17__class_type_infoEPKvRNS1_15__upcast_resultE
                0x0800ab94       0x24 c:/ac6/systemworkbench/plugins/fr.ac6.mcu.externaltools.arm-none.win32_1.13.2.201703061525/tools/compiler/bin/../lib/gcc/arm-none-eabi/5.4.1/../../../../arm-none-eabi/lib/armv6-m\libstdc++.a(si_class_type_info.o)
                0x0800ab94                __cxxabiv1::__si_class_type_info::__do_upcast(__cxxabiv1::__class_type_info const*, void const*, __cxxabiv1::__class_type_info::__upcast_result&) const
 .text._ZL23__gxx_exception_cleanup19_Unwind_Reason_CodeP21_Unwind_Control_Block
                0x0800abb8       0x28 c:/ac6/systemworkbench/plugins/fr.ac6.mcu.externaltools.arm-none.win32_1.13.2.201703061525/tools/compiler/bin/../lib/gcc/arm-none-eabi/5.4.1/../../../../arm-none-eabi/lib/armv6-m\libstdc++.a(eh_throw.o)
 .text.__cxa_throw
                0x0800abe0       0x6c c:/ac6/systemworkbench/plugins/fr.ac6.mcu.externaltools.arm-none.win32_1.13.2.201703061525/tools/compiler/bin/../lib/gcc/arm-none-eabi/5.4.1/../../../../arm-none-eabi/lib/armv6-m\libstdc++.a(eh_throw.o)
                0x0800abe0                __cxa_throw
 .text.__cxa_rethrow
                0x0800ac4c       0x74 c:/ac6/systemworkbench/plugins/fr.ac6.mcu.externaltools.arm-none.win32_1.13.2.201703061525/tools/compiler/bin/../lib/gcc/arm-none-eabi/5.4.1/../../../../arm-none-eabi/lib/armv6-m\libstdc++.a(eh_throw.o)
                0x0800ac4c                __cxa_rethrow
 .text.__cxa_get_globals_fast
                0x0800acc0        0x8 c:/ac6/systemworkbench/plugins/fr.ac6.mcu.externaltools.arm-none.win32_1.13.2.201703061525/tools/compiler/bin/../lib/gcc/arm-none-eabi/5.4.1/../../../../arm-none-eabi/lib/armv6-m\libstdc++.a(eh_globals.o)
                0x0800acc0                __cxa_get_globals_fast
 .text.__cxa_get_globals
                0x0800acc8        0x8 c:/ac6/systemworkbench/plugins/fr.ac6.mcu.externaltools.arm-none.win32_1.13.2.201703061525/tools/compiler/bin/../lib/gcc/arm-none-eabi/5.4.1/../../../../arm-none-eabi/lib/armv6-m\libstdc++.a(eh_globals.o)
                0x0800acc8                __cxa_get_globals
 .text._ZN10__cxxabiv111__terminateEPFvvE
                0x0800acd0       0x28 c:/ac6/systemworkbench/plugins/fr.ac6.mcu.externaltools.arm-none.win32_1.13.2.201703061525/tools/compiler/bin/../lib/gcc/arm-none-eabi/5.4.1/../../../../arm-none-eabi/lib/armv6-m\libstdc++.a(eh_terminate.o)
                0x0800acd0                __cxxabiv1::__terminate(void (*)())
 .text._ZSt9terminatev
                0x0800acf8       0x10 c:/ac6/systemworkbench/plugins/fr.ac6.mcu.externaltools.arm-none.win32_1.13.2.201703061525/tools/compiler/bin/../lib/gcc/arm-none-eabi/5.4.1/../../../../arm-none-eabi/lib/armv6-m\libstdc++.a(eh_terminate.o)
                0x0800acf8                std::terminate()
 .text._ZN10__cxxabiv112__unexpectedEPFvvE
                0x0800ad08        0x8 c:/ac6/systemworkbench/plugins/fr.ac6.mcu.externaltools.arm-none.win32_1.13.2.201703061525/tools/compiler/bin/../lib/gcc/arm-none-eabi/5.4.1/../../../../arm-none-eabi/lib/armv6-m\libstdc++.a(eh_terminate.o)
                0x0800ad08                __cxxabiv1::__unexpected(void (*)())
 .text._ZSt10unexpectedv
                0x0800ad10       0x10 c:/ac6/systemworkbench/plugins/fr.ac6.mcu.externaltools.arm-none.win32_1.13.2.201703061525/tools/compiler/bin/../lib/gcc/arm-none-eabi/5.4.1/../../../../arm-none-eabi/lib/armv6-m\libstdc++.a(eh_terminate.o)
                0x0800ad10                std::unexpected()
 .text._ZSt13get_terminatev
                0x0800ad20        0xc c:/ac6/systemworkbench/plugins/fr.ac6.mcu.externaltools.arm-none.win32_1.13.2.201703061525/tools/compiler/bin/../lib/gcc/arm-none-eabi/5.4.1/../../../../arm-none-eabi/lib/armv6-m\libstdc++.a(eh_terminate.o)
                0x0800ad20                std::get_terminate()
 .text._ZSt14get_unexpectedv
                0x0800ad2c        0xc c:/ac6/systemworkbench/plugins/fr.ac6.mcu.externaltools.arm-none.win32_1.13.2.201703061525/tools/compiler/bin/../lib/gcc/arm-none-eabi/5.4.1/../../../../arm-none-eabi/lib/armv6-m\libstdc++.a(eh_terminate.o)
                0x0800ad2c                std::get_unexpected()
 .text._ZNSt9type_infoD2Ev
                0x0800ad38        0x4 c:/ac6/systemworkbench/plugins/fr.ac6.mcu.externaltools.arm-none.win32_1.13.2.201703061525/tools/compiler/bin/../lib/gcc/arm-none-eabi/5.4.1/../../../../arm-none-eabi/lib/armv6-m\libstdc++.a(tinfo.o)
                0x0800ad38                std::type_info::~type_info()
                0x0800ad38                std::type_info::~type_info()
 .text._ZNKSt9type_info15__is_function_pEv
                0x0800ad3c        0x4 c:/ac6/systemworkbench/plugins/fr.ac6.mcu.externaltools.arm-none.win32_1.13.2.201703061525/tools/compiler/bin/../lib/gcc/arm-none-eabi/5.4.1/../../../../arm-none-eabi/lib/armv6-m\libstdc++.a(tinfo.o)
                0x0800ad3c                std::type_info::__is_pointer_p() const
                0x0800ad3c                std::type_info::__is_function_p() const
 .text._ZNKSt9type_infoeqERKS_
                0x0800ad40       0x30 c:/ac6/systemworkbench/plugins/fr.ac6.mcu.externaltools.arm-none.win32_1.13.2.201703061525/tools/compiler/bin/../lib/gcc/arm-none-eabi/5.4.1/../../../../arm-none-eabi/lib/armv6-m\libstdc++.a(tinfo.o)
                0x0800ad40                std::type_info::operator==(std::type_info const&) const
 .text.__cxa_end_cleanup
                0x0800ad70        0xc c:/ac6/systemworkbench/plugins/fr.ac6.mcu.externaltools.arm-none.win32_1.13.2.201703061525/tools/compiler/bin/../lib/gcc/arm-none-eabi/5.4.1/../../../../arm-none-eabi/lib/armv6-m\libstdc++.a(eh_arm.o)
                0x0800ad70                __cxa_end_cleanup
 .text.__cxa_type_match
                0x0800ad7c       0xc8 c:/ac6/systemworkbench/plugins/fr.ac6.mcu.externaltools.arm-none.win32_1.13.2.201703061525/tools/compiler/bin/../lib/gcc/arm-none-eabi/5.4.1/../../../../arm-none-eabi/lib/armv6-m\libstdc++.a(eh_arm.o)
                0x0800ad7c                __cxa_type_match
 .text.__cxa_begin_cleanup
                0x0800ae44       0x60 c:/ac6/systemworkbench/plugins/fr.ac6.mcu.externaltools.arm-none.win32_1.13.2.201703061525/tools/compiler/bin/../lib/gcc/arm-none-eabi/5.4.1/../../../../arm-none-eabi/lib/armv6-m\libstdc++.a(eh_arm.o)
                0x0800ae44                __cxa_begin_cleanup
 .text.__gnu_end_cleanup
                0x0800aea4       0x70 c:/ac6/systemworkbench/plugins/fr.ac6.mcu.externaltools.arm-none.win32_1.13.2.201703061525/tools/compiler/bin/../lib/gcc/arm-none-eabi/5.4.1/../../../../arm-none-eabi/lib/armv6-m\libstdc++.a(eh_arm.o)
                0x0800aea4                __gnu_end_cleanup
 .text._ZN10__cxxabiv1L24__is_gxx_exception_classEPc
                0x0800af14       0x3c c:/ac6/systemworkbench/plugins/fr.ac6.mcu.externaltools.arm-none.win32_1.13.2.201703061525/tools/compiler/bin/../lib/gcc/arm-none-eabi/5.4.1/../../../../arm-none-eabi/lib/armv6-m\libstdc++.a(eh_call.o)
 .text.__cxa_call_terminate
                0x0800af50       0x20 c:/ac6/systemworkbench/plugins/fr.ac6.mcu.externaltools.arm-none.win32_1.13.2.201703061525/tools/compiler/bin/../lib/gcc/arm-none-eabi/5.4.1/../../../../arm-none-eabi/lib/armv6-m\libstdc++.a(eh_call.o)
                0x0800af50                __cxa_call_terminate
 .text.__cxa_call_unexpected
                0x0800af70       0xfc c:/ac6/systemworkbench/plugins/fr.ac6.mcu.externaltools.arm-none.win32_1.13.2.201703061525/tools/compiler/bin/../lib/gcc/arm-none-eabi/5.4.1/../../../../arm-none-eabi/lib/armv6-m\libstdc++.a(eh_call.o)
                0x0800af70                __cxa_call_unexpected
 .text.__cxa_begin_catch
                0x0800b06c       0x84 c:/ac6/systemworkbench/plugins/fr.ac6.mcu.externaltools.arm-none.win32_1.13.2.201703061525/tools/compiler/bin/../lib/gcc/arm-none-eabi/5.4.1/../../../../arm-none-eabi/lib/armv6-m\libstdc++.a(eh_catch.o)
                0x0800b06c                __cxa_begin_catch
 .text.__cxa_end_catch
                0x0800b0f0       0x90 c:/ac6/systemworkbench/plugins/fr.ac6.mcu.externaltools.arm-none.win32_1.13.2.201703061525/tools/compiler/bin/../lib/gcc/arm-none-eabi/5.4.1/../../../../arm-none-eabi/lib/armv6-m\libstdc++.a(eh_catch.o)
                0x0800b0f0                __cxa_end_catch
 .text._ZL28read_encoded_value_with_basehjPKhPj
                0x0800b180      0x120 c:/ac6/systemworkbench/plugins/fr.ac6.mcu.externaltools.arm-none.win32_1.13.2.201703061525/tools/compiler/bin/../lib/gcc/arm-none-eabi/5.4.1/../../../../arm-none-eabi/lib/armv6-m\libstdc++.a(eh_personality.o)
 .text._ZL21base_of_encoded_valuehP15_Unwind_Context
                0x0800b2a0       0x44 c:/ac6/systemworkbench/plugins/fr.ac6.mcu.externaltools.arm-none.win32_1.13.2.201703061525/tools/compiler/bin/../lib/gcc/arm-none-eabi/5.4.1/../../../../arm-none-eabi/lib/armv6-m\libstdc++.a(eh_personality.o)
 .text._ZL17parse_lsda_headerP15_Unwind_ContextPKhP16lsda_header_info
                0x0800b2e4       0x9c c:/ac6/systemworkbench/plugins/fr.ac6.mcu.externaltools.arm-none.win32_1.13.2.201703061525/tools/compiler/bin/../lib/gcc/arm-none-eabi/5.4.1/../../../../arm-none-eabi/lib/armv6-m\libstdc++.a(eh_personality.o)
 .text.__gxx_personality_v0
                0x0800b380      0x4c8 c:/ac6/systemworkbench/plugins/fr.ac6.mcu.externaltools.arm-none.win32_1.13.2.201703061525/tools/compiler/bin/../lib/gcc/arm-none-eabi/5.4.1/../../../../arm-none-eabi/lib/armv6-m\libstdc++.a(eh_personality.o)
                0x0800b380                __gxx_personality_v0
 .text._ZN9__gnu_cxx27__verbose_terminate_handlerEv
                0x0800b848      0x114 c:/ac6/systemworkbench/plugins/fr.ac6.mcu.externaltools.arm-none.win32_1.13.2.201703061525/tools/compiler/bin/../lib/gcc/arm-none-eabi/5.4.1/../../../../arm-none-eabi/lib/armv6-m\libstdc++.a(vterminate.o)
                0x0800b848                __gnu_cxx::__verbose_terminate_handler()
 .text.__cxa_current_exception_type
                0x0800b95c       0x24 c:/ac6/systemworkbench/plugins/fr.ac6.mcu.externaltools.arm-none.win32_1.13.2.201703061525/tools/compiler/bin/../lib/gcc/arm-none-eabi/5.4.1/../../../../arm-none-eabi/lib/armv6-m\libstdc++.a(eh_type.o)
                0x0800b95c                __cxa_current_exception_type
 .text.abort    0x0800b980       0x10 c:/ac6/systemworkbench/plugins/fr.ac6.mcu.externaltools.arm-none.win32_1.13.2.201703061525/tools/compiler/bin/../lib/gcc/arm-none-eabi/5.4.1/../../../../arm-none-eabi/lib/armv6-m\libc.a(lib_a-abort.o)
                0x0800b980                abort
 .text.__errno  0x0800b990        0xc c:/ac6/systemworkbench/plugins/fr.ac6.mcu.externaltools.arm-none.win32_1.13.2.201703061525/tools/compiler/bin/../lib/gcc/arm-none-eabi/5.4.1/../../../../arm-none-eabi/lib/armv6-m\libc.a(lib_a-errno.o)
                0x0800b990                __errno
 .text.fputc    0x0800b99c       0x2c c:/ac6/systemworkbench/plugins/fr.ac6.mcu.externaltools.arm-none.win32_1.13.2.201703061525/tools/compiler/bin/../lib/gcc/arm-none-eabi/5.4.1/../../../../arm-none-eabi/lib/armv6-m\libc.a(lib_a-fputc.o)
                0x0800b99c                fputc
 .text._fputs_r
                0x0800b9c8       0x58 c:/ac6/systemworkbench/plugins/fr.ac6.mcu.externaltools.arm-none.win32_1.13.2.201703061525/tools/compiler/bin/../lib/gcc/arm-none-eabi/5.4.1/../../../../arm-none-eabi/lib/armv6-m\libc.a(lib_a-fputs.o)
                0x0800b9c8                _fputs_r
 .text.fputs    0x0800ba20       0x18 c:/ac6/systemworkbench/plugins/fr.ac6.mcu.externaltools.arm-none.win32_1.13.2.201703061525/tools/compiler/bin/../lib/gcc/arm-none-eabi/5.4.1/../../../../arm-none-eabi/lib/armv6-m\libc.a(lib_a-fputs.o)
                0x0800ba20                fputs
 .text.__sfvwrite_r
                0x0800ba38      0x31c c:/ac6/systemworkbench/plugins/fr.ac6.mcu.externaltools.arm-none.win32_1.13.2.201703061525/tools/compiler/bin/../lib/gcc/arm-none-eabi/5.4.1/../../../../arm-none-eabi/lib/armv6-m\libc.a(lib_a-fvwrite.o)
                0x0800ba38                __sfvwrite_r
 .text._fwrite_r
                0x0800bd54       0x70 c:/ac6/systemworkbench/plugins/fr.ac6.mcu.externaltools.arm-none.win32_1.13.2.201703061525/tools/compiler/bin/../lib/gcc/arm-none-eabi/5.4.1/../../../../arm-none-eabi/lib/armv6-m\libc.a(lib_a-fwrite.o)
                0x0800bd54                _fwrite_r
 .text.fwrite   0x0800bdc4       0x20 c:/ac6/systemworkbench/plugins/fr.ac6.mcu.externaltools.arm-none.win32_1.13.2.201703061525/tools/compiler/bin/../lib/gcc/arm-none-eabi/5.4.1/../../../../arm-none-eabi/lib/armv6-m\libc.a(lib_a-fwrite.o)
                0x0800bdc4                fwrite
 .text.__libc_init_array
                0x0800bde4       0x48 c:/ac6/systemworkbench/plugins/fr.ac6.mcu.externaltools.arm-none.win32_1.13.2.201703061525/tools/compiler/bin/../lib/gcc/arm-none-eabi/5.4.1/../../../../arm-none-eabi/lib/armv6-m\libc.a(lib_a-init.o)
                0x0800bde4                __libc_init_array
 .text.malloc   0x0800be2c       0x14 c:/ac6/systemworkbench/plugins/fr.ac6.mcu.externaltools.arm-none.win32_1.13.2.201703061525/tools/compiler/bin/../lib/gcc/arm-none-eabi/5.4.1/../../../../arm-none-eabi/lib/armv6-m\libc.a(lib_a-malloc.o)
                0x0800be2c                malloc
 .text.free     0x0800be40       0x14 c:/ac6/systemworkbench/plugins/fr.ac6.mcu.externaltools.arm-none.win32_1.13.2.201703061525/tools/compiler/bin/../lib/gcc/arm-none-eabi/5.4.1/../../../../arm-none-eabi/lib/armv6-m\libc.a(lib_a-malloc.o)
                0x0800be40                free
 .text._malloc_r
                0x0800be54      0x554 c:/ac6/systemworkbench/plugins/fr.ac6.mcu.externaltools.arm-none.win32_1.13.2.201703061525/tools/compiler/bin/../lib/gcc/arm-none-eabi/5.4.1/../../../../arm-none-eabi/lib/armv6-m\libc.a(lib_a-mallocr.o)
                0x0800be54                _malloc_r
 .text.memchr   0x0800c3a8       0x90 c:/ac6/systemworkbench/plugins/fr.ac6.mcu.externaltools.arm-none.win32_1.13.2.201703061525/tools/compiler/bin/../lib/gcc/arm-none-eabi/5.4.1/../../../../arm-none-eabi/lib/armv6-m\libc.a(lib_a-memchr-stub.o)
                0x0800c3a8                memchr
 .text.memcmp   0x0800c438       0x50 c:/ac6/systemworkbench/plugins/fr.ac6.mcu.externaltools.arm-none.win32_1.13.2.201703061525/tools/compiler/bin/../lib/gcc/arm-none-eabi/5.4.1/../../../../arm-none-eabi/lib/armv6-m\libc.a(lib_a-memcmp.o)
                0x0800c438                memcmp
 .text.memcpy   0x0800c488       0x7c c:/ac6/systemworkbench/plugins/fr.ac6.mcu.externaltools.arm-none.win32_1.13.2.201703061525/tools/compiler/bin/../lib/gcc/arm-none-eabi/5.4.1/../../../../arm-none-eabi/lib/armv6-m\libc.a(lib_a-memcpy-stub.o)
                0x0800c488                memcpy
 .text.memmove  0x0800c504       0x98 c:/ac6/systemworkbench/plugins/fr.ac6.mcu.externaltools.arm-none.win32_1.13.2.201703061525/tools/compiler/bin/../lib/gcc/arm-none-eabi/5.4.1/../../../../arm-none-eabi/lib/armv6-m\libc.a(lib_a-memmove.o)
                0x0800c504                memmove
 .text.memset   0x0800c59c       0x8c c:/ac6/systemworkbench/plugins/fr.ac6.mcu.externaltools.arm-none.win32_1.13.2.201703061525/tools/compiler/bin/../lib/gcc/arm-none-eabi/5.4.1/../../../../arm-none-eabi/lib/armv6-m\libc.a(lib_a-memset.o)
                0x0800c59c                memset
 .text.__malloc_lock
                0x0800c628        0x4 c:/ac6/systemworkbench/plugins/fr.ac6.mcu.externaltools.arm-none.win32_1.13.2.201703061525/tools/compiler/bin/../lib/gcc/arm-none-eabi/5.4.1/../../../../arm-none-eabi/lib/armv6-m\libc.a(lib_a-mlock.o)
                0x0800c628                __malloc_lock
 .text.__malloc_unlock
                0x0800c62c        0x4 c:/ac6/systemworkbench/plugins/fr.ac6.mcu.externaltools.arm-none.win32_1.13.2.201703061525/tools/compiler/bin/../lib/gcc/arm-none-eabi/5.4.1/../../../../arm-none-eabi/lib/armv6-m\libc.a(lib_a-mlock.o)
                0x0800c62c                __malloc_unlock
 .text._putc_r  0x0800c630       0x48 c:/ac6/systemworkbench/plugins/fr.ac6.mcu.externaltools.arm-none.win32_1.13.2.201703061525/tools/compiler/bin/../lib/gcc/arm-none-eabi/5.4.1/../../../../arm-none-eabi/lib/armv6-m\libc.a(lib_a-putc.o)
                0x0800c630                _putc_r
 .text.realloc  0x0800c678       0x18 c:/ac6/systemworkbench/plugins/fr.ac6.mcu.externaltools.arm-none.win32_1.13.2.201703061525/tools/compiler/bin/../lib/gcc/arm-none-eabi/5.4.1/../../../../arm-none-eabi/lib/armv6-m\libc.a(lib_a-realloc.o)
                0x0800c678                realloc
 .text._realloc_r
                0x0800c690      0x3dc c:/ac6/systemworkbench/plugins/fr.ac6.mcu.externaltools.arm-none.win32_1.13.2.201703061525/tools/compiler/bin/../lib/gcc/arm-none-eabi/5.4.1/../../../../arm-none-eabi/lib/armv6-m\libc.a(lib_a-reallocr.o)
                0x0800c690                _realloc_r
 .text._sbrk_r  0x0800ca6c       0x24 c:/ac6/systemworkbench/plugins/fr.ac6.mcu.externaltools.arm-none.win32_1.13.2.201703061525/tools/compiler/bin/../lib/gcc/arm-none-eabi/5.4.1/../../../../arm-none-eabi/lib/armv6-m\libc.a(lib_a-sbrkr.o)
                0x0800ca6c                _sbrk_r
 .text._raise_r
                0x0800ca90       0x5c c:/ac6/systemworkbench/plugins/fr.ac6.mcu.externaltools.arm-none.win32_1.13.2.201703061525/tools/compiler/bin/../lib/gcc/arm-none-eabi/5.4.1/../../../../arm-none-eabi/lib/armv6-m\libc.a(lib_a-signal.o)
                0x0800ca90                _raise_r
 .text.raise    0x0800caec       0x14 c:/ac6/systemworkbench/plugins/fr.ac6.mcu.externaltools.arm-none.win32_1.13.2.201703061525/tools/compiler/bin/../lib/gcc/arm-none-eabi/5.4.1/../../../../arm-none-eabi/lib/armv6-m\libc.a(lib_a-signal.o)
                0x0800caec                raise
 .text._kill_r  0x0800cb00       0x28 c:/ac6/systemworkbench/plugins/fr.ac6.mcu.externaltools.arm-none.win32_1.13.2.201703061525/tools/compiler/bin/../lib/gcc/arm-none-eabi/5.4.1/../../../../arm-none-eabi/lib/armv6-m\libc.a(lib_a-signalr.o)
                0x0800cb00                _kill_r
 .text._getpid_r
                0x0800cb28        0x8 c:/ac6/systemworkbench/plugins/fr.ac6.mcu.externaltools.arm-none.win32_1.13.2.201703061525/tools/compiler/bin/../lib/gcc/arm-none-eabi/5.4.1/../../../../arm-none-eabi/lib/armv6-m\libc.a(lib_a-signalr.o)
                0x0800cb28                _getpid_r
 .text.sprintf  0x0800cb30       0x44 c:/ac6/systemworkbench/plugins/fr.ac6.mcu.externaltools.arm-none.win32_1.13.2.201703061525/tools/compiler/bin/../lib/gcc/arm-none-eabi/5.4.1/../../../../arm-none-eabi/lib/armv6-m\libc.a(lib_a-sprintf.o)
                0x0800cb30                sprintf
 .text.strlen   0x0800cb74       0x68 c:/ac6/systemworkbench/plugins/fr.ac6.mcu.externaltools.arm-none.win32_1.13.2.201703061525/tools/compiler/bin/../lib/gcc/arm-none-eabi/5.4.1/../../../../arm-none-eabi/lib/armv6-m\libc.a(lib_a-strlen-stub.o)
                0x0800cb74                strlen
 .text.strncmp  0x0800cbdc       0x98 c:/ac6/systemworkbench/plugins/fr.ac6.mcu.externaltools.arm-none.win32_1.13.2.201703061525/tools/compiler/bin/../lib/gcc/arm-none-eabi/5.4.1/../../../../arm-none-eabi/lib/armv6-m\libc.a(lib_a-strncmp.o)
                0x0800cbdc                strncmp
 .text._svfprintf_r
                0x0800cc74     0x1820 c:/ac6/systemworkbench/plugins/fr.ac6.mcu.externaltools.arm-none.win32_1.13.2.201703061525/tools/compiler/bin/../lib/gcc/arm-none-eabi/5.4.1/../../../../arm-none-eabi/lib/armv6-m\libc.a(lib_a-svfprintf.o)
                0x0800cc74                _svfprintf_r
 .text.__swbuf_r
                0x0800e494       0xb8 c:/ac6/systemworkbench/plugins/fr.ac6.mcu.externaltools.arm-none.win32_1.13.2.201703061525/tools/compiler/bin/../lib/gcc/arm-none-eabi/5.4.1/../../../../arm-none-eabi/lib/armv6-m\libc.a(lib_a-wbuf.o)
                0x0800e494                __swbuf_r
 .text._write_r
                0x0800e54c       0x28 c:/ac6/systemworkbench/plugins/fr.ac6.mcu.externaltools.arm-none.win32_1.13.2.201703061525/tools/compiler/bin/../lib/gcc/arm-none-eabi/5.4.1/../../../../arm-none-eabi/lib/armv6-m\libc.a(lib_a-writer.o)
                0x0800e54c                _write_r
 .text.__swsetup_r
                0x0800e574       0xd4 c:/ac6/systemworkbench/plugins/fr.ac6.mcu.externaltools.arm-none.win32_1.13.2.201703061525/tools/compiler/bin/../lib/gcc/arm-none-eabi/5.4.1/../../../../arm-none-eabi/lib/armv6-m\libc.a(lib_a-wsetup.o)
                0x0800e574                __swsetup_r
 .text.startup.register_fini
                0x0800e648       0x18 c:/ac6/systemworkbench/plugins/fr.ac6.mcu.externaltools.arm-none.win32_1.13.2.201703061525/tools/compiler/bin/../lib/gcc/arm-none-eabi/5.4.1/../../../../arm-none-eabi/lib/armv6-m\libc.a(lib_a-__call_atexit.o)
 .text.atexit   0x0800e660       0x10 c:/ac6/systemworkbench/plugins/fr.ac6.mcu.externaltools.arm-none.win32_1.13.2.201703061525/tools/compiler/bin/../lib/gcc/arm-none-eabi/5.4.1/../../../../arm-none-eabi/lib/armv6-m\libc.a(lib_a-atexit.o)
                0x0800e660                atexit
 .text.quorem   0x0800e670      0x150 c:/ac6/systemworkbench/plugins/fr.ac6.mcu.externaltools.arm-none.win32_1.13.2.201703061525/tools/compiler/bin/../lib/gcc/arm-none-eabi/5.4.1/../../../../arm-none-eabi/lib/armv6-m\libc.a(lib_a-dtoa.o)
 .text._dtoa_r  0x0800e7c0      0xf54 c:/ac6/systemworkbench/plugins/fr.ac6.mcu.externaltools.arm-none.win32_1.13.2.201703061525/tools/compiler/bin/../lib/gcc/arm-none-eabi/5.4.1/../../../../arm-none-eabi/lib/armv6-m\libc.a(lib_a-dtoa.o)
                0x0800e7c0                _dtoa_r
 .text.__sflush_r
                0x0800f714      0x150 c:/ac6/systemworkbench/plugins/fr.ac6.mcu.externaltools.arm-none.win32_1.13.2.201703061525/tools/compiler/bin/../lib/gcc/arm-none-eabi/5.4.1/../../../../arm-none-eabi/lib/armv6-m\libc.a(lib_a-fflush.o)
                0x0800f714                __sflush_r
 .text._fflush_r
                0x0800f864       0x2c c:/ac6/systemworkbench/plugins/fr.ac6.mcu.externaltools.arm-none.win32_1.13.2.201703061525/tools/compiler/bin/../lib/gcc/arm-none-eabi/5.4.1/../../../../arm-none-eabi/lib/armv6-m\libc.a(lib_a-fflush.o)
                0x0800f864                _fflush_r
 .text._cleanup_r
                0x0800f890       0x10 c:/ac6/systemworkbench/plugins/fr.ac6.mcu.externaltools.arm-none.win32_1.13.2.201703061525/tools/compiler/bin/../lib/gcc/arm-none-eabi/5.4.1/../../../../arm-none-eabi/lib/armv6-m\libc.a(lib_a-findfp.o)
                0x0800f890                _cleanup_r
 .text.__sinit.part.1
                0x0800f8a0       0xf0 c:/ac6/systemworkbench/plugins/fr.ac6.mcu.externaltools.arm-none.win32_1.13.2.201703061525/tools/compiler/bin/../lib/gcc/arm-none-eabi/5.4.1/../../../../arm-none-eabi/lib/armv6-m\libc.a(lib_a-findfp.o)
 .text.__sinit  0x0800f990       0x10 c:/ac6/systemworkbench/plugins/fr.ac6.mcu.externaltools.arm-none.win32_1.13.2.201703061525/tools/compiler/bin/../lib/gcc/arm-none-eabi/5.4.1/../../../../arm-none-eabi/lib/armv6-m\libc.a(lib_a-findfp.o)
                0x0800f990                __sinit
 .text.__sfp_lock_acquire
                0x0800f9a0        0x4 c:/ac6/systemworkbench/plugins/fr.ac6.mcu.externaltools.arm-none.win32_1.13.2.201703061525/tools/compiler/bin/../lib/gcc/arm-none-eabi/5.4.1/../../../../arm-none-eabi/lib/armv6-m\libc.a(lib_a-findfp.o)
                0x0800f9a0                __sfp_lock_acquire
 .text.__sfp_lock_release
                0x0800f9a4        0x4 c:/ac6/systemworkbench/plugins/fr.ac6.mcu.externaltools.arm-none.win32_1.13.2.201703061525/tools/compiler/bin/../lib/gcc/arm-none-eabi/5.4.1/../../../../arm-none-eabi/lib/armv6-m\libc.a(lib_a-findfp.o)
                0x0800f9a4                __sfp_lock_release
 .text.__libc_fini_array
                0x0800f9a8       0x34 c:/ac6/systemworkbench/plugins/fr.ac6.mcu.externaltools.arm-none.win32_1.13.2.201703061525/tools/compiler/bin/../lib/gcc/arm-none-eabi/5.4.1/../../../../arm-none-eabi/lib/armv6-m\libc.a(lib_a-fini.o)
                0x0800f9a8                __libc_fini_array
 .text._malloc_trim_r
                0x0800f9dc       0xa0 c:/ac6/systemworkbench/plugins/fr.ac6.mcu.externaltools.arm-none.win32_1.13.2.201703061525/tools/compiler/bin/../lib/gcc/arm-none-eabi/5.4.1/../../../../arm-none-eabi/lib/armv6-m\libc.a(lib_a-freer.o)
                0x0800f9dc                _malloc_trim_r
 .text._free_r  0x0800fa7c      0x1c4 c:/ac6/systemworkbench/plugins/fr.ac6.mcu.externaltools.arm-none.win32_1.13.2.201703061525/tools/compiler/bin/../lib/gcc/arm-none-eabi/5.4.1/../../../../arm-none-eabi/lib/armv6-m\libc.a(lib_a-freer.o)
                0x0800fa7c                _free_r
 .text._fwalk_reent
                0x0800fc40       0x4c c:/ac6/systemworkbench/plugins/fr.ac6.mcu.externaltools.arm-none.win32_1.13.2.201703061525/tools/compiler/bin/../lib/gcc/arm-none-eabi/5.4.1/../../../../arm-none-eabi/lib/armv6-m\libc.a(lib_a-fwalk.o)
                0x0800fc40                _fwalk_reent
 .text._localeconv_r
                0x0800fc8c       0x1c c:/ac6/systemworkbench/plugins/fr.ac6.mcu.externaltools.arm-none.win32_1.13.2.201703061525/tools/compiler/bin/../lib/gcc/arm-none-eabi/5.4.1/../../../../arm-none-eabi/lib/armv6-m\libc.a(lib_a-localeconv.o)
                0x0800fc8c                _localeconv_r
 .text.__swhatbuf_r
                0x0800fca8       0x60 c:/ac6/systemworkbench/plugins/fr.ac6.mcu.externaltools.arm-none.win32_1.13.2.201703061525/tools/compiler/bin/../lib/gcc/arm-none-eabi/5.4.1/../../../../arm-none-eabi/lib/armv6-m\libc.a(lib_a-makebuf.o)
                0x0800fca8                __swhatbuf_r
 .text.__smakebuf_r
                0x0800fd08       0x88 c:/ac6/systemworkbench/plugins/fr.ac6.mcu.externaltools.arm-none.win32_1.13.2.201703061525/tools/compiler/bin/../lib/gcc/arm-none-eabi/5.4.1/../../../../arm-none-eabi/lib/armv6-m\libc.a(lib_a-makebuf.o)
                0x0800fd08                __smakebuf_r
 .text._Balloc  0x0800fd90       0x50 c:/ac6/systemworkbench/plugins/fr.ac6.mcu.externaltools.arm-none.win32_1.13.2.201703061525/tools/compiler/bin/../lib/gcc/arm-none-eabi/5.4.1/../../../../arm-none-eabi/lib/armv6-m\libc.a(lib_a-mprec.o)
                0x0800fd90                _Balloc
 .text._Bfree   0x0800fde0       0x14 c:/ac6/systemworkbench/plugins/fr.ac6.mcu.externaltools.arm-none.win32_1.13.2.201703061525/tools/compiler/bin/../lib/gcc/arm-none-eabi/5.4.1/../../../../arm-none-eabi/lib/armv6-m\libc.a(lib_a-mprec.o)
                0x0800fde0                _Bfree
 .text.__multadd
                0x0800fdf4       0x8c c:/ac6/systemworkbench/plugins/fr.ac6.mcu.externaltools.arm-none.win32_1.13.2.201703061525/tools/compiler/bin/../lib/gcc/arm-none-eabi/5.4.1/../../../../arm-none-eabi/lib/armv6-m\libc.a(lib_a-mprec.o)
                0x0800fdf4                __multadd
 .text.__hi0bits
                0x0800fe80       0x3c c:/ac6/systemworkbench/plugins/fr.ac6.mcu.externaltools.arm-none.win32_1.13.2.201703061525/tools/compiler/bin/../lib/gcc/arm-none-eabi/5.4.1/../../../../arm-none-eabi/lib/armv6-m\libc.a(lib_a-mprec.o)
                0x0800fe80                __hi0bits
 .text.__lo0bits
                0x0800febc       0x5c c:/ac6/systemworkbench/plugins/fr.ac6.mcu.externaltools.arm-none.win32_1.13.2.201703061525/tools/compiler/bin/../lib/gcc/arm-none-eabi/5.4.1/../../../../arm-none-eabi/lib/armv6-m\libc.a(lib_a-mprec.o)
                0x0800febc                __lo0bits
 .text.__i2b    0x0800ff18       0x14 c:/ac6/systemworkbench/plugins/fr.ac6.mcu.externaltools.arm-none.win32_1.13.2.201703061525/tools/compiler/bin/../lib/gcc/arm-none-eabi/5.4.1/../../../../arm-none-eabi/lib/armv6-m\libc.a(lib_a-mprec.o)
                0x0800ff18                __i2b
 .text.__multiply
                0x0800ff2c      0x15c c:/ac6/systemworkbench/plugins/fr.ac6.mcu.externaltools.arm-none.win32_1.13.2.201703061525/tools/compiler/bin/../lib/gcc/arm-none-eabi/5.4.1/../../../../arm-none-eabi/lib/armv6-m\libc.a(lib_a-mprec.o)
                0x0800ff2c                __multiply
 .text.__pow5mult
                0x08010088       0xbc c:/ac6/systemworkbench/plugins/fr.ac6.mcu.externaltools.arm-none.win32_1.13.2.201703061525/tools/compiler/bin/../lib/gcc/arm-none-eabi/5.4.1/../../../../arm-none-eabi/lib/armv6-m\libc.a(lib_a-mprec.o)
                0x08010088                __pow5mult
 .text.__lshift
                0x08010144       0xc0 c:/ac6/systemworkbench/plugins/fr.ac6.mcu.externaltools.arm-none.win32_1.13.2.201703061525/tools/compiler/bin/../lib/gcc/arm-none-eabi/5.4.1/../../../../arm-none-eabi/lib/armv6-m\libc.a(lib_a-mprec.o)
                0x08010144                __lshift
 .text.__mcmp   0x08010204       0x3c c:/ac6/systemworkbench/plugins/fr.ac6.mcu.externaltools.arm-none.win32_1.13.2.201703061525/tools/compiler/bin/../lib/gcc/arm-none-eabi/5.4.1/../../../../arm-none-eabi/lib/armv6-m\libc.a(lib_a-mprec.o)
                0x08010204                __mcmp
 .text.__mdiff  0x08010240      0x11c c:/ac6/systemworkbench/plugins/fr.ac6.mcu.externaltools.arm-none.win32_1.13.2.201703061525/tools/compiler/bin/../lib/gcc/arm-none-eabi/5.4.1/../../../../arm-none-eabi/lib/armv6-m\libc.a(lib_a-mprec.o)
                0x08010240                __mdiff
 .text.__d2b    0x0801035c       0xbc c:/ac6/systemworkbench/plugins/fr.ac6.mcu.externaltools.arm-none.win32_1.13.2.201703061525/tools/compiler/bin/../lib/gcc/arm-none-eabi/5.4.1/../../../../arm-none-eabi/lib/armv6-m\libc.a(lib_a-mprec.o)
                0x0801035c                __d2b
 .text.__sread  0x08010418       0x28 c:/ac6/systemworkbench/plugins/fr.ac6.mcu.externaltools.arm-none.win32_1.13.2.201703061525/tools/compiler/bin/../lib/gcc/arm-none-eabi/5.4.1/../../../../arm-none-eabi/lib/armv6-m\libc.a(lib_a-stdio.o)
                0x08010418                __sread
 .text.__swrite
                0x08010440       0x3c c:/ac6/systemworkbench/plugins/fr.ac6.mcu.externaltools.arm-none.win32_1.13.2.201703061525/tools/compiler/bin/../lib/gcc/arm-none-eabi/5.4.1/../../../../arm-none-eabi/lib/armv6-m\libc.a(lib_a-stdio.o)
                0x08010440                __swrite
 .text.__sseek  0x0801047c       0x2c c:/ac6/systemworkbench/plugins/fr.ac6.mcu.externaltools.arm-none.win32_1.13.2.201703061525/tools/compiler/bin/../lib/gcc/arm-none-eabi/5.4.1/../../../../arm-none-eabi/lib/armv6-m\libc.a(lib_a-stdio.o)
                0x0801047c                __sseek
 .text.__sclose
                0x080104a8        0xc c:/ac6/systemworkbench/plugins/fr.ac6.mcu.externaltools.arm-none.win32_1.13.2.201703061525/tools/compiler/bin/../lib/gcc/arm-none-eabi/5.4.1/../../../../arm-none-eabi/lib/armv6-m\libc.a(lib_a-stdio.o)
                0x080104a8                __sclose
 .text.__ssprint_r
                0x080104b4      0x130 c:/ac6/systemworkbench/plugins/fr.ac6.mcu.externaltools.arm-none.win32_1.13.2.201703061525/tools/compiler/bin/../lib/gcc/arm-none-eabi/5.4.1/../../../../arm-none-eabi/lib/armv6-m\libc.a(lib_a-svfiprintf.o)
                0x080104b4                __ssprint_r
 .text.__register_exitproc
                0x080105e4       0xd4 c:/ac6/systemworkbench/plugins/fr.ac6.mcu.externaltools.arm-none.win32_1.13.2.201703061525/tools/compiler/bin/../lib/gcc/arm-none-eabi/5.4.1/../../../../arm-none-eabi/lib/armv6-m\libc.a(lib_a-__atexit.o)
                0x080105e4                __register_exitproc
 .text._calloc_r
                0x080106b8       0x60 c:/ac6/systemworkbench/plugins/fr.ac6.mcu.externaltools.arm-none.win32_1.13.2.201703061525/tools/compiler/bin/../lib/gcc/arm-none-eabi/5.4.1/../../../../arm-none-eabi/lib/armv6-m\libc.a(lib_a-callocr.o)
                0x080106b8                _calloc_r
 .text._close_r
                0x08010718       0x24 c:/ac6/systemworkbench/plugins/fr.ac6.mcu.externaltools.arm-none.win32_1.13.2.201703061525/tools/compiler/bin/../lib/gcc/arm-none-eabi/5.4.1/../../../../arm-none-eabi/lib/armv6-m\libc.a(lib_a-closer.o)
                0x08010718                _close_r
 .text._fclose_r
                0x0801073c       0x8c c:/ac6/systemworkbench/plugins/fr.ac6.mcu.externaltools.arm-none.win32_1.13.2.201703061525/tools/compiler/bin/../lib/gcc/arm-none-eabi/5.4.1/../../../../arm-none-eabi/lib/armv6-m\libc.a(lib_a-fclose.o)
                0x0801073c                _fclose_r
 .text._fstat_r
                0x080107c8       0x28 c:/ac6/systemworkbench/plugins/fr.ac6.mcu.externaltools.arm-none.win32_1.13.2.201703061525/tools/compiler/bin/../lib/gcc/arm-none-eabi/5.4.1/../../../../arm-none-eabi/lib/armv6-m\libc.a(lib_a-fstatr.o)
                0x080107c8                _fstat_r
 .text._isatty_r
                0x080107f0       0x24 c:/ac6/systemworkbench/plugins/fr.ac6.mcu.externaltools.arm-none.win32_1.13.2.201703061525/tools/compiler/bin/../lib/gcc/arm-none-eabi/5.4.1/../../../../arm-none-eabi/lib/armv6-m\libc.a(lib_a-isattyr.o)
                0x080107f0                _isatty_r
 .text._lseek_r
                0x08010814       0x28 c:/ac6/systemworkbench/plugins/fr.ac6.mcu.externaltools.arm-none.win32_1.13.2.201703061525/tools/compiler/bin/../lib/gcc/arm-none-eabi/5.4.1/../../../../arm-none-eabi/lib/armv6-m\libc.a(lib_a-lseekr.o)
                0x08010814                _lseek_r
 .text.__ascii_mbtowc
                0x0801083c       0x2c c:/ac6/systemworkbench/plugins/fr.ac6.mcu.externaltools.arm-none.win32_1.13.2.201703061525/tools/compiler/bin/../lib/gcc/arm-none-eabi/5.4.1/../../../../arm-none-eabi/lib/armv6-m\libc.a(lib_a-mbtowc_r.o)
                0x0801083c                __ascii_mbtowc
 .text._read_r  0x08010868       0x28 c:/ac6/systemworkbench/plugins/fr.ac6.mcu.externaltools.arm-none.win32_1.13.2.201703061525/tools/compiler/bin/../lib/gcc/arm-none-eabi/5.4.1/../../../../arm-none-eabi/lib/armv6-m\libc.a(lib_a-readr.o)
                0x08010868                _read_r
 .text.__ascii_wctomb
                0x08010890       0x1c c:/ac6/systemworkbench/plugins/fr.ac6.mcu.externaltools.arm-none.win32_1.13.2.201703061525/tools/compiler/bin/../lib/gcc/arm-none-eabi/5.4.1/../../../../arm-none-eabi/lib/armv6-m\libc.a(lib_a-wctomb_r.o)
                0x08010890                __ascii_wctomb
 *(.glue_7)
 .glue_7        0x080108ac        0x0 linker stubs
 *(.glue_7t)
 .glue_7t       0x080108ac        0x0 linker stubs
 *(.eh_frame)
 .eh_frame      0x080108ac        0x0 c:/ac6/systemworkbench/plugins/fr.ac6.mcu.externaltools.arm-none.win32_1.13.2.201703061525/tools/compiler/bin/../lib/gcc/arm-none-eabi/5.4.1/armv6-m/crtbegin.o
 *(.init)
 .init          0x080108ac        0x4 c:/ac6/systemworkbench/plugins/fr.ac6.mcu.externaltools.arm-none.win32_1.13.2.201703061525/tools/compiler/bin/../lib/gcc/arm-none-eabi/5.4.1/armv6-m/crti.o
                0x080108ac                _init
 .init          0x080108b0        0x8 c:/ac6/systemworkbench/plugins/fr.ac6.mcu.externaltools.arm-none.win32_1.13.2.201703061525/tools/compiler/bin/../lib/gcc/arm-none-eabi/5.4.1/armv6-m/crtn.o
 *(.fini)
 .fini          0x080108b8        0x4 c:/ac6/systemworkbench/plugins/fr.ac6.mcu.externaltools.arm-none.win32_1.13.2.201703061525/tools/compiler/bin/../lib/gcc/arm-none-eabi/5.4.1/armv6-m/crti.o
                0x080108b8                _fini
 .fini          0x080108bc        0x8 c:/ac6/systemworkbench/plugins/fr.ac6.mcu.externaltools.arm-none.win32_1.13.2.201703061525/tools/compiler/bin/../lib/gcc/arm-none-eabi/5.4.1/armv6-m/crtn.o
                0x080108c4                . = ALIGN (0x4)
                0x080108c4                _etext = .

.vfp11_veneer   0x080108c4        0x0
 .vfp11_veneer  0x080108c4        0x0 linker stubs

.v4_bx          0x080108c4        0x0
 .v4_bx         0x080108c4        0x0 linker stubs

.iplt           0x080108c4        0x0
 .iplt          0x080108c4        0x0 c:/ac6/systemworkbench/plugins/fr.ac6.mcu.externaltools.arm-none.win32_1.13.2.201703061525/tools/compiler/bin/../lib/gcc/arm-none-eabi/5.4.1/armv6-m/crtbegin.o

.rodata         0x080108c8     0x1f78
                0x080108c8                . = ALIGN (0x4)
 *(.rodata)
 .rodata        0x080108c8     0x1078 c:/ac6/systemworkbench/plugins/fr.ac6.mcu.externaltools.arm-none.win32_1.13.2.201703061525/tools/compiler/bin/../lib/gcc/arm-none-eabi/5.4.1/../../../../arm-none-eabi/lib/armv6-m\libstdc++.a(cp-demangle.o)
 .rodata        0x08011940       0x40 c:/ac6/systemworkbench/plugins/fr.ac6.mcu.externaltools.arm-none.win32_1.13.2.201703061525/tools/compiler/bin/../lib/gcc/arm-none-eabi/5.4.1/armv6-m\libgcc.a(divdf3.o)
 .rodata        0x08011980       0x40 c:/ac6/systemworkbench/plugins/fr.ac6.mcu.externaltools.arm-none.win32_1.13.2.201703061525/tools/compiler/bin/../lib/gcc/arm-none-eabi/5.4.1/armv6-m\libgcc.a(muldf3.o)
 *(.rodata*)
 .rodata._ZTVSt9bad_alloc
                0x080119c0       0x14 c:/ac6/systemworkbench/plugins/fr.ac6.mcu.externaltools.arm-none.win32_1.13.2.201703061525/tools/compiler/bin/../lib/gcc/arm-none-eabi/5.4.1/../../../../arm-none-eabi/lib/armv6-m\libstdc++.a(bad_alloc.o)
                0x080119c0                vtable for std::bad_alloc
 .rodata._ZTISt9bad_alloc
                0x080119d4        0xc c:/ac6/systemworkbench/plugins/fr.ac6.mcu.externaltools.arm-none.win32_1.13.2.201703061525/tools/compiler/bin/../lib/gcc/arm-none-eabi/5.4.1/../../../../arm-none-eabi/lib/armv6-m\libstdc++.a(bad_alloc.o)
                0x080119d4                typeinfo for std::bad_alloc
 .rodata.str1.4
                0x080119e0        0xf c:/ac6/systemworkbench/plugins/fr.ac6.mcu.externaltools.arm-none.win32_1.13.2.201703061525/tools/compiler/bin/../lib/gcc/arm-none-eabi/5.4.1/../../../../arm-none-eabi/lib/armv6-m\libstdc++.a(bad_alloc.o)
 *fill*         0x080119ef        0x1 
 .rodata._ZTSSt9bad_alloc
                0x080119f0        0xd c:/ac6/systemworkbench/plugins/fr.ac6.mcu.externaltools.arm-none.win32_1.13.2.201703061525/tools/compiler/bin/../lib/gcc/arm-none-eabi/5.4.1/../../../../arm-none-eabi/lib/armv6-m\libstdc++.a(bad_alloc.o)
                0x080119f0                typeinfo name for std::bad_alloc
 *fill*         0x080119fd        0x3 
 .rodata._ZTSN10__cxxabiv115__forced_unwindE
                0x08011a00       0x20 c:/ac6/systemworkbench/plugins/fr.ac6.mcu.externaltools.arm-none.win32_1.13.2.201703061525/tools/compiler/bin/../lib/gcc/arm-none-eabi/5.4.1/../../../../arm-none-eabi/lib/armv6-m\libstdc++.a(eh_exception.o)
                0x08011a00                typeinfo name for __cxxabiv1::__forced_unwind
 .rodata._ZTIN10__cxxabiv115__forced_unwindE
                0x08011a20        0x8 c:/ac6/systemworkbench/plugins/fr.ac6.mcu.externaltools.arm-none.win32_1.13.2.201703061525/tools/compiler/bin/../lib/gcc/arm-none-eabi/5.4.1/../../../../arm-none-eabi/lib/armv6-m\libstdc++.a(eh_exception.o)
                0x08011a20                typeinfo for __cxxabiv1::__forced_unwind
 .rodata._ZTISt9exception
                0x08011a28        0x8 c:/ac6/systemworkbench/plugins/fr.ac6.mcu.externaltools.arm-none.win32_1.13.2.201703061525/tools/compiler/bin/../lib/gcc/arm-none-eabi/5.4.1/../../../../arm-none-eabi/lib/armv6-m\libstdc++.a(eh_exception.o)
                0x08011a28                typeinfo for std::exception
 .rodata._ZTSN10__cxxabiv119__foreign_exceptionE
                0x08011a30       0x24 c:/ac6/systemworkbench/plugins/fr.ac6.mcu.externaltools.arm-none.win32_1.13.2.201703061525/tools/compiler/bin/../lib/gcc/arm-none-eabi/5.4.1/../../../../arm-none-eabi/lib/armv6-m\libstdc++.a(eh_exception.o)
                0x08011a30                typeinfo name for __cxxabiv1::__foreign_exception
 .rodata.str1.4
                0x08011a54       0x23 c:/ac6/systemworkbench/plugins/fr.ac6.mcu.externaltools.arm-none.win32_1.13.2.201703061525/tools/compiler/bin/../lib/gcc/arm-none-eabi/5.4.1/../../../../arm-none-eabi/lib/armv6-m\libstdc++.a(eh_exception.o)
 *fill*         0x08011a77        0x1 
 .rodata._ZTIN10__cxxabiv119__foreign_exceptionE
                0x08011a78        0x8 c:/ac6/systemworkbench/plugins/fr.ac6.mcu.externaltools.arm-none.win32_1.13.2.201703061525/tools/compiler/bin/../lib/gcc/arm-none-eabi/5.4.1/../../../../arm-none-eabi/lib/armv6-m\libstdc++.a(eh_exception.o)
                0x08011a78                typeinfo for __cxxabiv1::__foreign_exception
 .rodata._ZTVSt13bad_exception
                0x08011a80       0x14 c:/ac6/systemworkbench/plugins/fr.ac6.mcu.externaltools.arm-none.win32_1.13.2.201703061525/tools/compiler/bin/../lib/gcc/arm-none-eabi/5.4.1/../../../../arm-none-eabi/lib/armv6-m\libstdc++.a(eh_exception.o)
                0x08011a80                vtable for std::bad_exception
 .rodata._ZTSSt9exception
                0x08011a94        0xd c:/ac6/systemworkbench/plugins/fr.ac6.mcu.externaltools.arm-none.win32_1.13.2.201703061525/tools/compiler/bin/../lib/gcc/arm-none-eabi/5.4.1/../../../../arm-none-eabi/lib/armv6-m\libstdc++.a(eh_exception.o)
                0x08011a94                typeinfo name for std::exception
 *fill*         0x08011aa1        0x3 
 .rodata._ZTSSt13bad_exception
                0x08011aa4       0x12 c:/ac6/systemworkbench/plugins/fr.ac6.mcu.externaltools.arm-none.win32_1.13.2.201703061525/tools/compiler/bin/../lib/gcc/arm-none-eabi/5.4.1/../../../../arm-none-eabi/lib/armv6-m\libstdc++.a(eh_exception.o)
                0x08011aa4                typeinfo name for std::bad_exception
 *fill*         0x08011ab6        0x2 
 .rodata._ZTISt13bad_exception
                0x08011ab8        0xc c:/ac6/systemworkbench/plugins/fr.ac6.mcu.externaltools.arm-none.win32_1.13.2.201703061525/tools/compiler/bin/../lib/gcc/arm-none-eabi/5.4.1/../../../../arm-none-eabi/lib/armv6-m\libstdc++.a(eh_exception.o)
                0x08011ab8                typeinfo for std::bad_exception
 .rodata._ZTVN10__cxxabiv117__class_type_infoE
                0x08011ac4       0x2c c:/ac6/systemworkbench/plugins/fr.ac6.mcu.externaltools.arm-none.win32_1.13.2.201703061525/tools/compiler/bin/../lib/gcc/arm-none-eabi/5.4.1/../../../../arm-none-eabi/lib/armv6-m\libstdc++.a(class_type_info.o)
                0x08011ac4                vtable for __cxxabiv1::__class_type_info
 .rodata._ZTIN10__cxxabiv117__class_type_infoE
                0x08011af0        0xc c:/ac6/systemworkbench/plugins/fr.ac6.mcu.externaltools.arm-none.win32_1.13.2.201703061525/tools/compiler/bin/../lib/gcc/arm-none-eabi/5.4.1/../../../../arm-none-eabi/lib/armv6-m\libstdc++.a(class_type_info.o)
                0x08011af0                typeinfo for __cxxabiv1::__class_type_info
 .rodata._ZTSN10__cxxabiv117__class_type_infoE
                0x08011afc       0x22 c:/ac6/systemworkbench/plugins/fr.ac6.mcu.externaltools.arm-none.win32_1.13.2.201703061525/tools/compiler/bin/../lib/gcc/arm-none-eabi/5.4.1/../../../../arm-none-eabi/lib/armv6-m\libstdc++.a(class_type_info.o)
                0x08011afc                typeinfo name for __cxxabiv1::__class_type_info
 *fill*         0x08011b1e        0x2 
 .rodata._ZTVN10__cxxabiv120__si_class_type_infoE
                0x08011b20       0x2c c:/ac6/systemworkbench/plugins/fr.ac6.mcu.externaltools.arm-none.win32_1.13.2.201703061525/tools/compiler/bin/../lib/gcc/arm-none-eabi/5.4.1/../../../../arm-none-eabi/lib/armv6-m\libstdc++.a(si_class_type_info.o)
                0x08011b20                vtable for __cxxabiv1::__si_class_type_info
 .rodata._ZTIN10__cxxabiv120__si_class_type_infoE
                0x08011b4c        0xc c:/ac6/systemworkbench/plugins/fr.ac6.mcu.externaltools.arm-none.win32_1.13.2.201703061525/tools/compiler/bin/../lib/gcc/arm-none-eabi/5.4.1/../../../../arm-none-eabi/lib/armv6-m\libstdc++.a(si_class_type_info.o)
                0x08011b4c                typeinfo for __cxxabiv1::__si_class_type_info
 .rodata._ZTSN10__cxxabiv120__si_class_type_infoE
                0x08011b58       0x25 c:/ac6/systemworkbench/plugins/fr.ac6.mcu.externaltools.arm-none.win32_1.13.2.201703061525/tools/compiler/bin/../lib/gcc/arm-none-eabi/5.4.1/../../../../arm-none-eabi/lib/armv6-m\libstdc++.a(si_class_type_info.o)
                0x08011b58                typeinfo name for __cxxabiv1::__si_class_type_info
 *fill*         0x08011b7d        0x3 
 .rodata._ZTISt9type_info
                0x08011b80        0x8 c:/ac6/systemworkbench/plugins/fr.ac6.mcu.externaltools.arm-none.win32_1.13.2.201703061525/tools/compiler/bin/../lib/gcc/arm-none-eabi/5.4.1/../../../../arm-none-eabi/lib/armv6-m\libstdc++.a(tinfo.o)
                0x08011b80                typeinfo for std::type_info
 .rodata._ZTSSt9type_info
                0x08011b88        0xd c:/ac6/systemworkbench/plugins/fr.ac6.mcu.externaltools.arm-none.win32_1.13.2.201703061525/tools/compiler/bin/../lib/gcc/arm-none-eabi/5.4.1/../../../../arm-none-eabi/lib/armv6-m\libstdc++.a(tinfo.o)
                0x08011b88                typeinfo name for std::type_info
 *fill*         0x08011b95        0x3 
 .rodata._ZL28read_encoded_value_with_basehjPKhPj
                0x08011b98       0x34 c:/ac6/systemworkbench/plugins/fr.ac6.mcu.externaltools.arm-none.win32_1.13.2.201703061525/tools/compiler/bin/../lib/gcc/arm-none-eabi/5.4.1/../../../../arm-none-eabi/lib/armv6-m\libstdc++.a(eh_personality.o)
 .rodata.str1.4
                0x08011bcc       0x94 c:/ac6/systemworkbench/plugins/fr.ac6.mcu.externaltools.arm-none.win32_1.13.2.201703061525/tools/compiler/bin/../lib/gcc/arm-none-eabi/5.4.1/../../../../arm-none-eabi/lib/armv6-m\libstdc++.a(vterminate.o)
 .rodata.str1.4
                0x08011c60      0x7f2 c:/ac6/systemworkbench/plugins/fr.ac6.mcu.externaltools.arm-none.win32_1.13.2.201703061525/tools/compiler/bin/../lib/gcc/arm-none-eabi/5.4.1/../../../../arm-none-eabi/lib/armv6-m\libstdc++.a(cp-demangle.o)
                                0x83e (size before relaxing)
 *fill*         0x08012452        0x2 
 .rodata._global_impure_ptr
                0x08012454        0x4 c:/ac6/systemworkbench/plugins/fr.ac6.mcu.externaltools.arm-none.win32_1.13.2.201703061525/tools/compiler/bin/../lib/gcc/arm-none-eabi/5.4.1/../../../../arm-none-eabi/lib/armv6-m\libc.a(lib_a-impure.o)
                0x08012454                _global_impure_ptr
 .rodata._svfprintf_r
                0x08012458      0x164 c:/ac6/systemworkbench/plugins/fr.ac6.mcu.externaltools.arm-none.win32_1.13.2.201703061525/tools/compiler/bin/../lib/gcc/arm-none-eabi/5.4.1/../../../../arm-none-eabi/lib/armv6-m\libc.a(lib_a-svfprintf.o)
 .rodata.zeroes.7256
                0x080125bc       0x10 c:/ac6/systemworkbench/plugins/fr.ac6.mcu.externaltools.arm-none.win32_1.13.2.201703061525/tools/compiler/bin/../lib/gcc/arm-none-eabi/5.4.1/../../../../arm-none-eabi/lib/armv6-m\libc.a(lib_a-svfprintf.o)
 .rodata.str1.4
                0x080125cc       0x42 c:/ac6/systemworkbench/plugins/fr.ac6.mcu.externaltools.arm-none.win32_1.13.2.201703061525/tools/compiler/bin/../lib/gcc/arm-none-eabi/5.4.1/../../../../arm-none-eabi/lib/armv6-m\libc.a(lib_a-svfprintf.o)
 *fill*         0x0801260e        0x2 
 .rodata.blanks.7255
                0x08012610       0x10 c:/ac6/systemworkbench/plugins/fr.ac6.mcu.externaltools.arm-none.win32_1.13.2.201703061525/tools/compiler/bin/../lib/gcc/arm-none-eabi/5.4.1/../../../../arm-none-eabi/lib/armv6-m\libc.a(lib_a-svfprintf.o)
 .rodata.str1.4
                0x08012620       0x10 c:/ac6/systemworkbench/plugins/fr.ac6.mcu.externaltools.arm-none.win32_1.13.2.201703061525/tools/compiler/bin/../lib/gcc/arm-none-eabi/5.4.1/../../../../arm-none-eabi/lib/armv6-m\libc.a(lib_a-dtoa.o)
                                 0x12 (size before relaxing)
 .rodata.__mprec_tens
                0x08012630       0xc8 c:/ac6/systemworkbench/plugins/fr.ac6.mcu.externaltools.arm-none.win32_1.13.2.201703061525/tools/compiler/bin/../lib/gcc/arm-none-eabi/5.4.1/../../../../arm-none-eabi/lib/armv6-m\libc.a(lib_a-mprec.o)
                0x08012630                __mprec_tens
 .rodata.p05.6085
                0x080126f8        0xc c:/ac6/systemworkbench/plugins/fr.ac6.mcu.externaltools.arm-none.win32_1.13.2.201703061525/tools/compiler/bin/../lib/gcc/arm-none-eabi/5.4.1/../../../../arm-none-eabi/lib/armv6-m\libc.a(lib_a-mprec.o)
 *fill*         0x08012704        0x4 
 .rodata.__mprec_bigtens
                0x08012708       0x28 c:/ac6/systemworkbench/plugins/fr.ac6.mcu.externaltools.arm-none.win32_1.13.2.201703061525/tools/compiler/bin/../lib/gcc/arm-none-eabi/5.4.1/../../../../arm-none-eabi/lib/armv6-m\libc.a(lib_a-mprec.o)
                0x08012708                __mprec_bigtens
 .rodata.str1.4
                0x08012730        0xc c:/ac6/systemworkbench/plugins/fr.ac6.mcu.externaltools.arm-none.win32_1.13.2.201703061525/tools/compiler/bin/../lib/gcc/arm-none-eabi/5.4.1/../../../../arm-none-eabi/lib/armv6-m\libc.a(lib_a-locale.o)
                                 0x12 (size before relaxing)
 .rodata._ctype_
                0x0801273c      0x101 c:/ac6/systemworkbench/plugins/fr.ac6.mcu.externaltools.arm-none.win32_1.13.2.201703061525/tools/compiler/bin/../lib/gcc/arm-none-eabi/5.4.1/../../../../arm-none-eabi/lib/armv6-m\libc.a(lib_a-ctype_.o)
                0x0801273c                _ctype_
                0x08012840                . = ALIGN (0x4)
 *fill*         0x0801283d        0x3 

.ARM.extab      0x08012840      0x124
                0x08012840                . = ALIGN (0x4)
 *(.ARM.extab* .gnu.linkonce.armextab.*)
 .ARM.extab.text._ZNK10__cxxabiv120__si_class_type_info12__do_dyncastEiNS_17__class_type_info10__sub_kindEPKS1_PKvS4_S6_RNS1_16__dyncast_resultE
                0x08012840        0xc c:/ac6/systemworkbench/plugins/fr.ac6.mcu.externaltools.arm-none.win32_1.13.2.201703061525/tools/compiler/bin/../lib/gcc/arm-none-eabi/5.4.1/../../../../arm-none-eabi/lib/armv6-m\libstdc++.a(si_class_type_info.o)
 .ARM.extab.text._ZN10__cxxabiv111__terminateEPFvvE
                0x0801284c       0x28 c:/ac6/systemworkbench/plugins/fr.ac6.mcu.externaltools.arm-none.win32_1.13.2.201703061525/tools/compiler/bin/../lib/gcc/arm-none-eabi/5.4.1/../../../../arm-none-eabi/lib/armv6-m\libstdc++.a(eh_terminate.o)
 .ARM.extab.text.__cxa_type_match
                0x08012874        0xc c:/ac6/systemworkbench/plugins/fr.ac6.mcu.externaltools.arm-none.win32_1.13.2.201703061525/tools/compiler/bin/../lib/gcc/arm-none-eabi/5.4.1/../../../../arm-none-eabi/lib/armv6-m\libstdc++.a(eh_arm.o)
 .ARM.extab.text.__cxa_call_unexpected
                0x08012880       0x30 c:/ac6/systemworkbench/plugins/fr.ac6.mcu.externaltools.arm-none.win32_1.13.2.201703061525/tools/compiler/bin/../lib/gcc/arm-none-eabi/5.4.1/../../../../arm-none-eabi/lib/armv6-m\libstdc++.a(eh_call.o)
 .ARM.extab.text.__cxa_begin_catch
                0x080128b0       0x1c c:/ac6/systemworkbench/plugins/fr.ac6.mcu.externaltools.arm-none.win32_1.13.2.201703061525/tools/compiler/bin/../lib/gcc/arm-none-eabi/5.4.1/../../../../arm-none-eabi/lib/armv6-m\libstdc++.a(eh_catch.o)
 .ARM.extab.text._ZL28read_encoded_value_with_basehjPKhPj
                0x080128cc        0xc c:/ac6/systemworkbench/plugins/fr.ac6.mcu.externaltools.arm-none.win32_1.13.2.201703061525/tools/compiler/bin/../lib/gcc/arm-none-eabi/5.4.1/../../../../arm-none-eabi/lib/armv6-m\libstdc++.a(eh_personality.o)
 .ARM.extab.text.__gxx_personality_v0
                0x080128d8       0x28 c:/ac6/systemworkbench/plugins/fr.ac6.mcu.externaltools.arm-none.win32_1.13.2.201703061525/tools/compiler/bin/../lib/gcc/arm-none-eabi/5.4.1/../../../../arm-none-eabi/lib/armv6-m\libstdc++.a(eh_personality.o)
 .ARM.extab.text._ZN9__gnu_cxx27__verbose_terminate_handlerEv
                0x08012900       0x34 c:/ac6/systemworkbench/plugins/fr.ac6.mcu.externaltools.arm-none.win32_1.13.2.201703061525/tools/compiler/bin/../lib/gcc/arm-none-eabi/5.4.1/../../../../arm-none-eabi/lib/armv6-m\libstdc++.a(vterminate.o)
 .ARM.extab     0x08012934       0x24 c:/ac6/systemworkbench/plugins/fr.ac6.mcu.externaltools.arm-none.win32_1.13.2.201703061525/tools/compiler/bin/../lib/gcc/arm-none-eabi/5.4.1/armv6-m\libgcc.a(unwind-arm.o)
 .ARM.extab     0x08012958        0xc c:/ac6/systemworkbench/plugins/fr.ac6.mcu.externaltools.arm-none.win32_1.13.2.201703061525/tools/compiler/bin/../lib/gcc/arm-none-eabi/5.4.1/armv6-m\libgcc.a(pr-support.o)
                0x08012964                . = ALIGN (0x4)

.ARM            0x08012964      0x1c0
                0x08012964                . = ALIGN (0x4)
                0x08012964                __exidx_start = .
 *(.ARM.exidx*)
 .ARM.exidx.text._Znwj
                0x08012a2c        0x8 c:/ac6/systemworkbench/plugins/fr.ac6.mcu.externaltools.arm-none.win32_1.13.2.201703061525/tools/compiler/bin/../lib/gcc/arm-none-eabi/5.4.1/../../../../arm-none-eabi/lib/armv6-m\libstdc++.a(new_op.o)
 .ARM.exidx.text._ZNKSt9bad_alloc4whatEv
                0x08012a34        0x8 c:/ac6/systemworkbench/plugins/fr.ac6.mcu.externaltools.arm-none.win32_1.13.2.201703061525/tools/compiler/bin/../lib/gcc/arm-none-eabi/5.4.1/../../../../arm-none-eabi/lib/armv6-m\libstdc++.a(bad_alloc.o)
 .ARM.exidx.text._ZNSt9bad_allocD2Ev
                0x08012a3c        0x0 c:/ac6/systemworkbench/plugins/fr.ac6.mcu.externaltools.arm-none.win32_1.13.2.201703061525/tools/compiler/bin/../lib/gcc/arm-none-eabi/5.4.1/../../../../arm-none-eabi/lib/armv6-m\libstdc++.a(bad_alloc.o)
                                  0x8 (size before relaxing)
 .ARM.exidx.text._ZNSt9bad_allocD0Ev
                0x08012a3c        0x0 c:/ac6/systemworkbench/plugins/fr.ac6.mcu.externaltools.arm-none.win32_1.13.2.201703061525/tools/compiler/bin/../lib/gcc/arm-none-eabi/5.4.1/../../../../arm-none-eabi/lib/armv6-m\libstdc++.a(bad_alloc.o)
                                  0x8 (size before relaxing)
 .ARM.exidx.text._ZNSt9exceptionD2Ev
                0x08012a3c        0x0 c:/ac6/systemworkbench/plugins/fr.ac6.mcu.externaltools.arm-none.win32_1.13.2.201703061525/tools/compiler/bin/../lib/gcc/arm-none-eabi/5.4.1/../../../../arm-none-eabi/lib/armv6-m\libstdc++.a(eh_exception.o)
                                  0x8 (size before relaxing)
 .ARM.exidx.text._ZNSt13bad_exceptionD2Ev
                0x08012a3c        0x0 c:/ac6/systemworkbench/plugins/fr.ac6.mcu.externaltools.arm-none.win32_1.13.2.201703061525/tools/compiler/bin/../lib/gcc/arm-none-eabi/5.4.1/../../../../arm-none-eabi/lib/armv6-m\libstdc++.a(eh_exception.o)
                                  0x8 (size before relaxing)
 .ARM.exidx.text._ZNKSt13bad_exception4whatEv
                0x08012a3c        0x0 c:/ac6/systemworkbench/plugins/fr.ac6.mcu.externaltools.arm-none.win32_1.13.2.201703061525/tools/compiler/bin/../lib/gcc/arm-none-eabi/5.4.1/../../../../arm-none-eabi/lib/armv6-m\libstdc++.a(eh_exception.o)
                                  0x8 (size before relaxing)
 .ARM.exidx.text._ZNSt13bad_exceptionD0Ev
                0x08012a3c        0x0 c:/ac6/systemworkbench/plugins/fr.ac6.mcu.externaltools.arm-none.win32_1.13.2.201703061525/tools/compiler/bin/../lib/gcc/arm-none-eabi/5.4.1/../../../../arm-none-eabi/lib/armv6-m\libstdc++.a(eh_exception.o)
                                  0x8 (size before relaxing)
 .ARM.exidx.text._ZN12_GLOBAL__N_14pool4freeEPv.constprop.4
                0x08012a3c        0x0 c:/ac6/systemworkbench/plugins/fr.ac6.mcu.externaltools.arm-none.win32_1.13.2.201703061525/tools/compiler/bin/../lib/gcc/arm-none-eabi/5.4.1/../../../../arm-none-eabi/lib/armv6-m\libstdc++.a(eh_alloc.o)
                                  0x8 (size before relaxing)
 .ARM.exidx.text._ZN12_GLOBAL__N_14pool8allocateEj.constprop.5
                0x08012a3c        0x0 c:/ac6/systemworkbench/plugins/fr.ac6.mcu.externaltools.arm-none.win32_1.13.2.201703061525/tools/compiler/bin/../lib/gcc/arm-none-eabi/5.4.1/../../../../arm-none-eabi/lib/armv6-m\libstdc++.a(eh_alloc.o)
                                  0x8 (size before relaxing)
 .ARM.exidx.text.__cxa_allocate_exception
                0x08012a3c        0x0 c:/ac6/systemworkbench/plugins/fr.ac6.mcu.externaltools.arm-none.win32_1.13.2.201703061525/tools/compiler/bin/../lib/gcc/arm-none-eabi/5.4.1/../../../../arm-none-eabi/lib/armv6-m\libstdc++.a(eh_alloc.o)
                                  0x8 (size before relaxing)
 .ARM.exidx.text.__cxa_free_exception
                0x08012a3c        0x0 c:/ac6/systemworkbench/plugins/fr.ac6.mcu.externaltools.arm-none.win32_1.13.2.201703061525/tools/compiler/bin/../lib/gcc/arm-none-eabi/5.4.1/../../../../arm-none-eabi/lib/armv6-m\libstdc++.a(eh_alloc.o)
                                  0x8 (size before relaxing)
 .ARM.exidx.text.startup._GLOBAL__sub_I___cxa_allocate_exception
                0x08012a3c        0x0 c:/ac6/systemworkbench/plugins/fr.ac6.mcu.externaltools.arm-none.win32_1.13.2.201703061525/tools/compiler/bin/../lib/gcc/arm-none-eabi/5.4.1/../../../../arm-none-eabi/lib/armv6-m\libstdc++.a(eh_alloc.o)
                                  0x8 (size before relaxing)
 .ARM.exidx.text._ZNK10__cxxabiv117__class_type_info11__do_upcastEPKS0_PPv
                0x08012a3c        0x8 c:/ac6/systemworkbench/plugins/fr.ac6.mcu.externaltools.arm-none.win32_1.13.2.201703061525/tools/compiler/bin/../lib/gcc/arm-none-eabi/5.4.1/../../../../arm-none-eabi/lib/armv6-m\libstdc++.a(class_type_info.o)
 .ARM.exidx.text._ZNK10__cxxabiv117__class_type_info20__do_find_public_srcEiPKvPKS0_S2_
                0x08012a44        0x8 c:/ac6/systemworkbench/plugins/fr.ac6.mcu.externaltools.arm-none.win32_1.13.2.201703061525/tools/compiler/bin/../lib/gcc/arm-none-eabi/5.4.1/../../../../arm-none-eabi/lib/armv6-m\libstdc++.a(class_type_info.o)
 .ARM.exidx.text._ZN10__cxxabiv117__class_type_infoD2Ev
                0x08012a4c        0x8 c:/ac6/systemworkbench/plugins/fr.ac6.mcu.externaltools.arm-none.win32_1.13.2.201703061525/tools/compiler/bin/../lib/gcc/arm-none-eabi/5.4.1/../../../../arm-none-eabi/lib/armv6-m\libstdc++.a(class_type_info.o)
 .ARM.exidx.text._ZN10__cxxabiv117__class_type_infoD0Ev
                0x08012a54        0x0 c:/ac6/systemworkbench/plugins/fr.ac6.mcu.externaltools.arm-none.win32_1.13.2.201703061525/tools/compiler/bin/../lib/gcc/arm-none-eabi/5.4.1/../../../../arm-none-eabi/lib/armv6-m\libstdc++.a(class_type_info.o)
                                  0x8 (size before relaxing)
 .ARM.exidx.text._ZNK10__cxxabiv117__class_type_info11__do_upcastEPKS0_PKvRNS0_15__upcast_resultE
                0x08012a54        0x8 c:/ac6/systemworkbench/plugins/fr.ac6.mcu.externaltools.arm-none.win32_1.13.2.201703061525/tools/compiler/bin/../lib/gcc/arm-none-eabi/5.4.1/../../../../arm-none-eabi/lib/armv6-m\libstdc++.a(class_type_info.o)
 .ARM.exidx.text._ZNK10__cxxabiv117__class_type_info12__do_dyncastEiNS0_10__sub_kindEPKS0_PKvS3_S5_RNS0_16__dyncast_resultE
                0x08012a5c        0x0 c:/ac6/systemworkbench/plugins/fr.ac6.mcu.externaltools.arm-none.win32_1.13.2.201703061525/tools/compiler/bin/../lib/gcc/arm-none-eabi/5.4.1/../../../../arm-none-eabi/lib/armv6-m\libstdc++.a(class_type_info.o)
                                  0x8 (size before relaxing)
 .ARM.exidx.text._ZNK10__cxxabiv117__class_type_info10__do_catchEPKSt9type_infoPPvj
                0x08012a5c        0x8 c:/ac6/systemworkbench/plugins/fr.ac6.mcu.externaltools.arm-none.win32_1.13.2.201703061525/tools/compiler/bin/../lib/gcc/arm-none-eabi/5.4.1/../../../../arm-none-eabi/lib/armv6-m\libstdc++.a(class_type_info.o)
 .ARM.exidx.text._ZSt15get_new_handlerv
                0x08012a64        0x8 c:/ac6/systemworkbench/plugins/fr.ac6.mcu.externaltools.arm-none.win32_1.13.2.201703061525/tools/compiler/bin/../lib/gcc/arm-none-eabi/5.4.1/../../../../arm-none-eabi/lib/armv6-m\libstdc++.a(new_handler.o)
 .ARM.exidx.text._ZdlPv
                0x08012a6c        0x0 c:/ac6/systemworkbench/plugins/fr.ac6.mcu.externaltools.arm-none.win32_1.13.2.201703061525/tools/compiler/bin/../lib/gcc/arm-none-eabi/5.4.1/../../../../arm-none-eabi/lib/armv6-m\libstdc++.a(del_op.o)
                                  0x8 (size before relaxing)
 .ARM.exidx.text._ZN10__cxxabiv120__si_class_type_infoD2Ev
                0x08012a6c        0x8 c:/ac6/systemworkbench/plugins/fr.ac6.mcu.externaltools.arm-none.win32_1.13.2.201703061525/tools/compiler/bin/../lib/gcc/arm-none-eabi/5.4.1/../../../../arm-none-eabi/lib/armv6-m\libstdc++.a(si_class_type_info.o)
 .ARM.exidx.text._ZN10__cxxabiv120__si_class_type_infoD0Ev
                0x08012a74        0x0 c:/ac6/systemworkbench/plugins/fr.ac6.mcu.externaltools.arm-none.win32_1.13.2.201703061525/tools/compiler/bin/../lib/gcc/arm-none-eabi/5.4.1/../../../../arm-none-eabi/lib/armv6-m\libstdc++.a(si_class_type_info.o)
                                  0x8 (size before relaxing)
 .ARM.exidx.text._ZNK10__cxxabiv120__si_class_type_info12__do_dyncastEiNS_17__class_type_info10__sub_kindEPKS1_PKvS4_S6_RNS1_16__dyncast_resultE
                0x08012a74        0x8 c:/ac6/systemworkbench/plugins/fr.ac6.mcu.externaltools.arm-none.win32_1.13.2.201703061525/tools/compiler/bin/../lib/gcc/arm-none-eabi/5.4.1/../../../../arm-none-eabi/lib/armv6-m\libstdc++.a(si_class_type_info.o)
 .ARM.exidx.text._ZNK10__cxxabiv120__si_class_type_info20__do_find_public_srcEiPKvPKNS_17__class_type_infoES2_
                0x08012a7c        0x8 c:/ac6/systemworkbench/plugins/fr.ac6.mcu.externaltools.arm-none.win32_1.13.2.201703061525/tools/compiler/bin/../lib/gcc/arm-none-eabi/5.4.1/../../../../arm-none-eabi/lib/armv6-m\libstdc++.a(si_class_type_info.o)
 .ARM.exidx.text._ZNK10__cxxabiv120__si_class_type_info11__do_upcastEPKNS_17__class_type_infoEPKvRNS1_15__upcast_resultE
                0x08012a84        0x8 c:/ac6/systemworkbench/plugins/fr.ac6.mcu.externaltools.arm-none.win32_1.13.2.201703061525/tools/compiler/bin/../lib/gcc/arm-none-eabi/5.4.1/../../../../arm-none-eabi/lib/armv6-m\libstdc++.a(si_class_type_info.o)
 .ARM.exidx.text._ZL23__gxx_exception_cleanup19_Unwind_Reason_CodeP21_Unwind_Control_Block
                0x08012a8c        0x8 c:/ac6/systemworkbench/plugins/fr.ac6.mcu.externaltools.arm-none.win32_1.13.2.201703061525/tools/compiler/bin/../lib/gcc/arm-none-eabi/5.4.1/../../../../arm-none-eabi/lib/armv6-m\libstdc++.a(eh_throw.o)
 .ARM.exidx.text.__cxa_throw
                0x08012a94        0x8 c:/ac6/systemworkbench/plugins/fr.ac6.mcu.externaltools.arm-none.win32_1.13.2.201703061525/tools/compiler/bin/../lib/gcc/arm-none-eabi/5.4.1/../../../../arm-none-eabi/lib/armv6-m\libstdc++.a(eh_throw.o)
 .ARM.exidx.text.__cxa_rethrow
                0x08012a9c        0x8 c:/ac6/systemworkbench/plugins/fr.ac6.mcu.externaltools.arm-none.win32_1.13.2.201703061525/tools/compiler/bin/../lib/gcc/arm-none-eabi/5.4.1/../../../../arm-none-eabi/lib/armv6-m\libstdc++.a(eh_throw.o)
 .ARM.exidx.text.__cxa_get_globals_fast
                0x08012aa4        0x8 c:/ac6/systemworkbench/plugins/fr.ac6.mcu.externaltools.arm-none.win32_1.13.2.201703061525/tools/compiler/bin/../lib/gcc/arm-none-eabi/5.4.1/../../../../arm-none-eabi/lib/armv6-m\libstdc++.a(eh_globals.o)
 .ARM.exidx.text.__cxa_get_globals
                0x08012aac        0x0 c:/ac6/systemworkbench/plugins/fr.ac6.mcu.externaltools.arm-none.win32_1.13.2.201703061525/tools/compiler/bin/../lib/gcc/arm-none-eabi/5.4.1/../../../../arm-none-eabi/lib/armv6-m\libstdc++.a(eh_globals.o)
                                  0x8 (size before relaxing)
 .ARM.exidx.text._ZN10__cxxabiv111__terminateEPFvvE
                0x08012aac        0x8 c:/ac6/systemworkbench/plugins/fr.ac6.mcu.externaltools.arm-none.win32_1.13.2.201703061525/tools/compiler/bin/../lib/gcc/arm-none-eabi/5.4.1/../../../../arm-none-eabi/lib/armv6-m\libstdc++.a(eh_terminate.o)
 .ARM.exidx.text._ZSt9terminatev
                0x08012ab4        0x8 c:/ac6/systemworkbench/plugins/fr.ac6.mcu.externaltools.arm-none.win32_1.13.2.201703061525/tools/compiler/bin/../lib/gcc/arm-none-eabi/5.4.1/../../../../arm-none-eabi/lib/armv6-m\libstdc++.a(eh_terminate.o)
 .ARM.exidx.text._ZN10__cxxabiv112__unexpectedEPFvvE
                0x08012abc        0x8 c:/ac6/systemworkbench/plugins/fr.ac6.mcu.externaltools.arm-none.win32_1.13.2.201703061525/tools/compiler/bin/../lib/gcc/arm-none-eabi/5.4.1/../../../../arm-none-eabi/lib/armv6-m\libstdc++.a(eh_terminate.o)
 .ARM.exidx.text._ZSt10unexpectedv
                0x08012ac4        0x0 c:/ac6/systemworkbench/plugins/fr.ac6.mcu.externaltools.arm-none.win32_1.13.2.201703061525/tools/compiler/bin/../lib/gcc/arm-none-eabi/5.4.1/../../../../arm-none-eabi/lib/armv6-m\libstdc++.a(eh_terminate.o)
                                  0x8 (size before relaxing)
 .ARM.exidx.text._ZSt13get_terminatev
                0x08012ac4        0x8 c:/ac6/systemworkbench/plugins/fr.ac6.mcu.externaltools.arm-none.win32_1.13.2.201703061525/tools/compiler/bin/../lib/gcc/arm-none-eabi/5.4.1/../../../../arm-none-eabi/lib/armv6-m\libstdc++.a(eh_terminate.o)
 .ARM.exidx.text._ZSt14get_unexpectedv
                0x08012acc        0x0 c:/ac6/systemworkbench/plugins/fr.ac6.mcu.externaltools.arm-none.win32_1.13.2.201703061525/tools/compiler/bin/../lib/gcc/arm-none-eabi/5.4.1/../../../../arm-none-eabi/lib/armv6-m\libstdc++.a(eh_terminate.o)
                                  0x8 (size before relaxing)
 .ARM.exidx.text._ZNSt9type_infoD2Ev
                0x08012acc        0x0 c:/ac6/systemworkbench/plugins/fr.ac6.mcu.externaltools.arm-none.win32_1.13.2.201703061525/tools/compiler/bin/../lib/gcc/arm-none-eabi/5.4.1/../../../../arm-none-eabi/lib/armv6-m\libstdc++.a(tinfo.o)
                                  0x8 (size before relaxing)
 .ARM.exidx.text._ZNKSt9type_info15__is_function_pEv
                0x08012acc        0x0 c:/ac6/systemworkbench/plugins/fr.ac6.mcu.externaltools.arm-none.win32_1.13.2.201703061525/tools/compiler/bin/../lib/gcc/arm-none-eabi/5.4.1/../../../../arm-none-eabi/lib/armv6-m\libstdc++.a(tinfo.o)
                                  0x8 (size before relaxing)
 .ARM.exidx.text._ZNKSt9type_infoeqERKS_